Archive member included to satisfy reference by file (symbol)

C:/Users/progi/SimplicityStudio/SDKs/gecko_sdk//protocol/bluetooth/lib/EFR32XG21/GCC/libapploader.a(apploader_lib_api.c.obj)
                              ./gecko_sdk_4.4.2/platform/bootloader/communication/apploader/btl_apploader_common.o (sl_apploader_init)
C:/Users/progi/SimplicityStudio/SDKs/gecko_sdk//protocol/bluetooth/lib/EFR32XG21/GCC/libapploader.a(gatt_database.c.obj)
                              C:/Users/progi/SimplicityStudio/SDKs/gecko_sdk//protocol/bluetooth/lib/EFR32XG21/GCC/libapploader.a(apploader_lib_api.c.obj) (gattDatabase_resetDatabase)
C:/Users/progi/SimplicityStudio/SDKs/gecko_sdk//protocol/bluetooth/lib/EFR32XG21/GCC/libapploader.a(bt.c.obj)
                              C:/Users/progi/SimplicityStudio/SDKs/gecko_sdk//protocol/bluetooth/lib/EFR32XG21/GCC/libapploader.a(apploader_lib_api.c.obj) (bt_init)
C:/Users/progi/SimplicityStudio/SDKs/gecko_sdk//protocol/bluetooth/lib/EFR32XG21/GCC/libapploader.a(bt_database.c.obj)
                              C:/Users/progi/SimplicityStudio/SDKs/gecko_sdk//protocol/bluetooth/lib/EFR32XG21/GCC/libapploader.a(apploader_lib_api.c.obj) (bt_addGattService)
C:/Users/progi/SimplicityStudio/SDKs/gecko_sdk//protocol/bluetooth/lib/EFR32XG21/GCC/libapploader.a(utils.c.obj)
                              C:/Users/progi/SimplicityStudio/SDKs/gecko_sdk//protocol/bluetooth/lib/EFR32XG21/GCC/libapploader.a(bt.c.obj) (utils_init)
C:/Users/progi/SimplicityStudio/SDKs/gecko_sdk//protocol/bluetooth/lib/EFR32XG21/GCC/libapploader.a(dfu_database.c.obj)
                              C:/Users/progi/SimplicityStudio/SDKs/gecko_sdk//protocol/bluetooth/lib/EFR32XG21/GCC/libapploader.a(apploader_lib_api.c.obj) (dfu_addOtaService)
C:/Users/progi/SimplicityStudio/SDKs/gecko_sdk//protocol/bluetooth/lib/EFR32XG21/GCC/libapploader.a(hal_efr32.c.obj)
                              C:/Users/progi/SimplicityStudio/SDKs/gecko_sdk//protocol/bluetooth/lib/EFR32XG21/GCC/libapploader.a(bt.c.obj) (hal_readDeviceAddress)
C:/Users/progi/SimplicityStudio/SDKs/gecko_sdk//protocol/bluetooth/lib/EFR32XG21/GCC/libapploader.a(att.c.obj)
                              C:/Users/progi/SimplicityStudio/SDKs/gecko_sdk//protocol/bluetooth/lib/EFR32XG21/GCC/libapploader.a(bt.c.obj) (att_init)
C:/Users/progi/SimplicityStudio/SDKs/gecko_sdk//protocol/bluetooth/lib/EFR32XG21/GCC/libapploader.a(att_database.c.obj)
                              C:/Users/progi/SimplicityStudio/SDKs/gecko_sdk//protocol/bluetooth/lib/EFR32XG21/GCC/libapploader.a(bt.c.obj) (attDatabase_init)
C:/Users/progi/SimplicityStudio/SDKs/gecko_sdk//protocol/bluetooth/lib/EFR32XG21/GCC/libapploader.a(att_server.c.obj)
                              C:/Users/progi/SimplicityStudio/SDKs/gecko_sdk//protocol/bluetooth/lib/EFR32XG21/GCC/libapploader.a(att.c.obj) (attServer_pdu)
C:/Users/progi/SimplicityStudio/SDKs/gecko_sdk//protocol/bluetooth/lib/EFR32XG21/GCC/libapploader.a(l2cap.c.obj)
                              C:/Users/progi/SimplicityStudio/SDKs/gecko_sdk//protocol/bluetooth/lib/EFR32XG21/GCC/libapploader.a(bt.c.obj) (l2cap_init)
C:/Users/progi/SimplicityStudio/SDKs/gecko_sdk//protocol/bluetooth/lib/EFR32XG21/GCC/libapploader.a(hci.c.obj)
                              C:/Users/progi/SimplicityStudio/SDKs/gecko_sdk//protocol/bluetooth/lib/EFR32XG21/GCC/libapploader.a(bt.c.obj) (hci_leSetAdvertisingData)
C:/Users/progi/SimplicityStudio/SDKs/gecko_sdk//protocol/bluetooth/lib/EFR32XG21/GCC/libapploader.a(hci_sync.c.obj)
                              C:/Users/progi/SimplicityStudio/SDKs/gecko_sdk//protocol/bluetooth/lib/EFR32XG21/GCC/libapploader.a(bt.c.obj) (hci_initSync)
C:/Users/progi/SimplicityStudio/SDKs/gecko_sdk//protocol/bluetooth/lib/EFR32XG21/GCC/libapploader.a(llcp.c.obj)
                              C:/Users/progi/SimplicityStudio/SDKs/gecko_sdk//protocol/bluetooth/lib/EFR32XG21/GCC/libapploader.a(hci.c.obj) (llcp_init)
C:/Users/progi/SimplicityStudio/SDKs/gecko_sdk//protocol/bluetooth/lib/EFR32XG21/GCC/libapploader.a(llcp_phy.c.obj)
                              C:/Users/progi/SimplicityStudio/SDKs/gecko_sdk//protocol/bluetooth/lib/EFR32XG21/GCC/libapploader.a(hci.c.obj) (llcp_phyInit)
C:/Users/progi/SimplicityStudio/SDKs/gecko_sdk//protocol/bluetooth/lib/EFR32XG21/GCC/libapploader.a(radio.c.obj)
                              C:/Users/progi/SimplicityStudio/SDKs/gecko_sdk//protocol/bluetooth/lib/EFR32XG21/GCC/libapploader.a(hci.c.obj) (radio_init)
C:/Users/progi/SimplicityStudio/SDKs/gecko_sdk//protocol/bluetooth/lib/EFR32XG21/GCC/libapploader.a(radio_phy.c.obj)
                              C:/Users/progi/SimplicityStudio/SDKs/gecko_sdk//protocol/bluetooth/lib/EFR32XG21/GCC/libapploader.a(hci.c.obj) (radio_phyInit)
C:/Users/progi/SimplicityStudio/SDKs/gecko_sdk//protocol/bluetooth/lib/EFR32XG21/GCC/libapploader.a(dfu.c.obj)
[...]
Memory Configuration

Name             Origin             Length             Attributes
FLASH            0x00000000         0x00012000         xr
RAM              0x20000004         0x00017ffc         xrw
BOOTLOADER_RESET_REGION 0x20000000         0x00000004         xrw
*default*        0x00000000         0xffffffff

Linker script and memory map

LOAD c:/siliconlabs/simplicitystudio/v5/developer/toolchains/gnu_arm/12.2.rel1_2023.7/bin/../lib/gcc/arm-none-eabi/12.2.1/thumb/v8-m.main+fp/hard/crti.o
LOAD c:/siliconlabs/simplicitystudio/v5/developer/toolchains/gnu_arm/12.2.rel1_2023.7/bin/../lib/gcc/arm-none-eabi/12.2.1/thumb/v8-m.main+fp/hard/crtbegin.o
LOAD c:/siliconlabs/simplicitystudio/v5/developer/toolchains/gnu_arm/12.2.rel1_2023.7/bin/../lib/gcc/arm-none-eabi/12.2.1/thumb/v8-m.main+fp/hard/crt0.o
START GROUP
LOAD ./autogen/sl_device_init_clocks.o
LOAD ./gecko_sdk_4.4.2/platform/Device/SiliconLabs/EFR32BG21/Source/startup_efr32bg21.o
LOAD ./gecko_sdk_4.4.2/platform/Device/SiliconLabs/EFR32BG21/Source/system_efr32bg21.o
LOAD ./gecko_sdk_4.4.2/platform/bootloader/communication/apploader/btl_apploader.o
LOAD ./gecko_sdk_4.4.2/platform/bootloader/communication/apploader/btl_apploader_common.o
LOAD ./gecko_sdk_4.4.2/platform/bootloader/core/btl_bootload.o
LOAD ./gecko_sdk_4.4.2/platform/bootloader/core/btl_core.o
LOAD ./gecko_sdk_4.4.2/platform/bootloader/core/btl_main.o
LOAD ./gecko_sdk_4.4.2/platform/bootloader/core/btl_parse.o
LOAD ./gecko_sdk_4.4.2/platform/bootloader/core/btl_reset.o
LOAD ./gecko_sdk_4.4.2/platform/bootloader/core/flash/btl_internal_flash.o
LOAD ./gecko_sdk_4.4.2/platform/bootloader/debug/btl_debug.o
LOAD ./gecko_sdk_4.4.2/platform/bootloader/debug/btl_debug_swo.o
LOAD ./gecko_sdk_4.4.2/platform/bootloader/driver/btl_driver_util.o
LOAD ./gecko_sdk_4.4.2/platform/bootloader/parser/gbl/btl_gbl_custom_tags.o
LOAD ./gecko_sdk_4.4.2/platform/bootloader/parser/gbl/btl_gbl_format.o
LOAD ./gecko_sdk_4.4.2/platform/bootloader/parser/gbl/btl_gbl_parser.o
LOAD ./gecko_sdk_4.4.2/platform/bootloader/security/btl_crc16.o
LOAD ./gecko_sdk_4.4.2/platform/bootloader/security/btl_crc32.o
LOAD ./gecko_sdk_4.4.2/platform/bootloader/security/btl_security_aes.o
LOAD ./gecko_sdk_4.4.2/platform/bootloader/security/btl_security_ecdsa.o
LOAD ./gecko_sdk_4.4.2/platform/bootloader/security/btl_security_sha256.o
LOAD ./gecko_sdk_4.4.2/platform/bootloader/security/btl_security_tokens.o
LOAD ./gecko_sdk_4.4.2/platform/bootloader/security/ecc/ecc.o
LOAD ./gecko_sdk_4.4.2/platform/bootloader/security/sha/btl_sha256.o
LOAD ./gecko_sdk_4.4.2/platform/bootloader/security/sha/crypto_sha.o
LOAD ./gecko_sdk_4.4.2/platform/bootloader/security/sha/cryptoacc_sha.o
LOAD ./gecko_sdk_4.4.2/platform/bootloader/security/sha/se_sha.o
LOAD ./gecko_sdk_4.4.2/platform/common/src/sl_assert.o
LOAD ./gecko_sdk_4.4.2/platform/common/src/sl_syscalls.o
LOAD ./gecko_sdk_4.4.2/platform/common/toolchain/src/sl_memory.o
LOAD ./gecko_sdk_4.4.2/platform/emlib/src/em_acmp.o
LOAD ./gecko_sdk_4.4.2/platform/emlib/src/em_burtc.o
LOAD ./gecko_sdk_4.4.2/platform/emlib/src/em_cmu.o
LOAD ./gecko_sdk_4.4.2/platform/emlib/src/em_core.o
LOAD ./gecko_sdk_4.4.2/platform/emlib/src/em_dbg.o
LOAD ./gecko_sdk_4.4.2/platform/emlib/src/em_emu.o
LOAD ./gecko_sdk_4.4.2/platform/emlib/src/em_gpcrc.o
LOAD ./gecko_sdk_4.4.2/platform/emlib/src/em_gpio.o
LOAD ./gecko_sdk_4.4.2/platform/emlib/src/em_i2c.o
LOAD ./gecko_sdk_4.4.2/platform/emlib/src/em_iadc.o
LOAD ./gecko_sdk_4.4.2/platform/emlib/src/em_ldma.o
LOAD ./gecko_sdk_4.4.2/platform/emlib/src/em_letimer.o
LOAD ./gecko_sdk_4.4.2/platform/emlib/src/em_msc.o
LOAD ./gecko_sdk_4.4.2/platform/emlib/src/em_prs.o
LOAD ./gecko_sdk_4.4.2/platform/emlib/src/em_rmu.o
LOAD ./gecko_sdk_4.4.2/platform/emlib/src/em_rtcc.o
LOAD ./gecko_sdk_4.4.2/platform/emlib/src/em_se.o
LOAD ./gecko_sdk_4.4.2/platform/emlib/src/em_system.o
LOAD ./gecko_sdk_4.4.2/platform/emlib/src/em_timer.o
LOAD ./gecko_sdk_4.4.2/platform/emlib/src/em_usart.o
LOAD ./gecko_sdk_4.4.2/platform/emlib/src/em_wdog.o
LOAD ./gecko_sdk_4.4.2/platform/radio/rail_lib/plugin/pa-conversions/pa_conversions_efr32.o
LOAD ./gecko_sdk_4.4.2/platform/radio/rail_lib/plugin/pa-conversions/pa_curves_efr32.o
LOAD ./gecko_sdk_4.4.2/platform/radio/rail_lib/plugin/rail_util_rf_path/sl_rail_util_rf_path.o
LOAD ./gecko_sdk_4.4.2/platform/security/sl_component/se_manager/src/sl_se_manager.o
LOAD ./gecko_sdk_4.4.2/platform/security/sl_component/se_manager/src/sl_se_manager_attestation.o
LOAD ./gecko_sdk_4.4.2/platform/security/sl_component/se_manager/src/sl_se_manager_cipher.o
LOAD ./gecko_sdk_4.4.2/platform/security/sl_component/se_manager/src/sl_se_manager_entropy.o
LOAD ./gecko_sdk_4.4.2/platform/security/sl_component/se_manager/src/sl_se_manager_hash.o
LOAD ./gecko_sdk_4.4.2/platform/security/sl_component/se_manager/src/sl_se_manager_key_derivation.o
LOAD ./gecko_sdk_4.4.2/platform/security/sl_component/se_manager/src/sl_se_manager_key_handling.o
LOAD ./gecko_sdk_4.4.2/platform/security/sl_component/se_manager/src/sl_se_manager_signature.o
LOAD ./gecko_sdk_4.4.2/platform/security/sl_component/se_manager/src/sl_se_manager_util.o
LOAD ./gecko_sdk_4.4.2/platform/security/sl_component/sl_mbedtls_support/src/se_aes.o
LOAD ./gecko_sdk_4.4.2/platform/security/sl_component/sl_mbedtls_support/src/sl_mbedtls.o
LOAD ./gecko_sdk_4.4.2/platform/security/sl_component/sl_psa_driver/src/sli_psa_driver_common.o
LOAD ./gecko_sdk_4.4.2/platform/security/sl_component/sl_psa_driver/src/sli_psa_driver_init.o
LOAD ./gecko_sdk_4.4.2/platform/security/sl_component/sl_psa_driver/src/sli_se_driver_aead.o
LOAD ./gecko_sdk_4.4.2/platform/security/sl_component/sl_psa_driver/src/sli_se_driver_builtin_keys.o
LOAD ./gecko_sdk_4.4.2/platform/security/sl_component/sl_psa_driver/src/sli_se_driver_cipher.o
LOAD ./gecko_sdk_4.4.2/platform/security/sl_component/sl_psa_driver/src/sli_se_driver_key_derivation.o
LOAD ./gecko_sdk_4.4.2/platform/security/sl_component/sl_psa_driver/src/sli_se_driver_key_management.o
LOAD ./gecko_sdk_4.4.2/platform/security/sl_component/sl_psa_driver/src/sli_se_driver_mac.o
LOAD ./gecko_sdk_4.4.2/platform/security/sl_component/sl_psa_driver/src/sli_se_driver_signature.o
LOAD ./gecko_sdk_4.4.2/platform/security/sl_component/sl_psa_driver/src/sli_se_opaque_driver_aead.o
LOAD ./gecko_sdk_4.4.2/platform/security/sl_component/sl_psa_driver/src/sli_se_opaque_driver_cipher.o
LOAD ./gecko_sdk_4.4.2/platform/security/sl_component/sl_psa_driver/src/sli_se_opaque_driver_mac.o
LOAD ./gecko_sdk_4.4.2/platform/security/sl_component/sl_psa_driver/src/sli_se_opaque_key_derivation.o
LOAD ./gecko_sdk_4.4.2/platform/security/sl_component/sl_psa_driver/src/sli_se_transparent_driver_aead.o
LOAD ./gecko_sdk_4.4.2/platform/security/sl_component/sl_psa_driver/src/sli_se_transparent_driver_cipher.o
LOAD ./gecko_sdk_4.4.2/platform/security/sl_component/sl_psa_driver/src/sli_se_transparent_driver_hash.o
LOAD ./gecko_sdk_4.4.2/platform/security/sl_component/sl_psa_driver/src/sli_se_transparent_driver_mac.o
LOAD ./gecko_sdk_4.4.2/platform/security/sl_component/sl_psa_driver/src/sli_se_transparent_key_derivation.o
LOAD ./gecko_sdk_4.4.2/platform/security/sl_component/sl_psa_driver/src/sli_se_version_dependencies.o
LOAD ./gecko_sdk_4.4.2/platform/service/device_init/src/sl_device_init_emu_s2.o
LOAD ./gecko_sdk_4.4.2/platform/service/device_init/src/sl_device_init_hfrco.o
LOAD ./gecko_sdk_4.4.2/platform/service/device_init/src/sl_device_init_hfxo_s2.o
LOAD ./gecko_sdk_4.4.2/platform/service/device_init/src/sl_device_init_nvic.o
LOAD ./gecko_sdk_4.4.2/util/silicon_labs/silabs_core/memory_manager/sl_malloc.o
LOAD ./gecko_sdk_4.4.2/util/third_party/mbedtls/library/aes.o
LOAD ./gecko_sdk_4.4.2/util/third_party/mbedtls/library/constant_time.o
LOAD ./gecko_sdk_4.4.2/util/third_party/mbedtls/library/platform.o
LOAD ./gecko_sdk_4.4.2/util/third_party/mbedtls/library/platform_util.o
LOAD ./gecko_sdk_4.4.2/util/third_party/mbedtls/library/psa_crypto_client.o
LOAD ./gecko_sdk_4.4.2/util/third_party/mbedtls/library/psa_util.o
LOAD ./gecko_sdk_4.4.2/util/third_party/mbedtls/library/threading.o
LOAD ./gecko_sdk_4.4.2/util/third_party/trusted-firmware-m/lib/fih/src/fih.o
LOAD ./gecko_sdk_4.4.2/util/third_party/trusted-firmware-m/platform/ext/target/siliconlabs/hse/sli_se.o
LOAD C:/Users/progi/SimplicityStudio/SDKs/gecko_sdk//protocol/bluetooth/lib/EFR32XG21/GCC/libapploader.a
LOAD C:/Users/progi/SimplicityStudio/SDKs/gecko_sdk//platform/radio/rail_lib/autogen/librail_release/librail_efr32xg21_gcc_release.a
LOAD c:/siliconlabs/simplicitystudio/v5/developer/toolchains/gnu_arm/12.2.rel1_2023.7/bin/../lib/gcc/arm-none-eabi/12.2.1/thumb/v8-m.main+fp/hard\libgcc.a
LOAD c:/siliconlabs/simplicitystudio/v5/developer/toolchains/gnu_arm/12.2.rel1_2023.7/bin/../lib/gcc/arm-none-eabi/12.2.1/thumb/v8-m.main+fp/hard\libc_nano.a
LOAD c:/siliconlabs/simplicitystudio/v5/developer/toolchains/gnu_arm/12.2.rel1_2023.7/bin/../lib/gcc/arm-none-eabi/12.2.1/thumb/v8-m.main+fp/hard\libm.a
LOAD c:/siliconlabs/simplicitystudio/v5/developer/toolchains/gnu_arm/12.2.rel1_2023.7/bin/../lib/gcc/arm-none-eabi/12.2.1/thumb/v8-m.main+fp/hard\libnosys.a
END GROUP
START GROUP
LOAD c:/siliconlabs/simplicitystudio/v5/developer/toolchains/gnu_arm/12.2.rel1_2023.7/bin/../lib/gcc/arm-none-eabi/12.2.1/thumb/v8-m.main+fp/hard\libgcc.a
LOAD c:/siliconlabs/simplicitystudio/v5/developer/toolchains/gnu_arm/12.2.rel1_2023.7/bin/../lib/gcc/arm-none-eabi/12.2.1/thumb/v8-m.main+fp/hard\libc_nano.a
LOAD c:/siliconlabs/simplicitystudio/v5/developer/toolchains/gnu_arm/12.2.rel1_2023.7/bin/../lib/gcc/arm-none-eabi/12.2.1/thumb/v8-m.main+fp/hard\libnosys.a
END GROUP
START GROUP
LOAD c:/siliconlabs/simplicitystudio/v5/developer/toolchains/gnu_arm/12.2.rel1_2023.7/bin/../lib/gcc/arm-none-eabi/12.2.1/thumb/v8-m.main+fp/hard\libgcc.a
LOAD c:/siliconlabs/simplicitystudio/v5/developer/toolchains/gnu_arm/12.2.rel1_2023.7/bin/../lib/gcc/arm-none-eabi/12.2.1/thumb/v8-m.main+fp/hard\libg_nano.a
LOAD c:/siliconlabs/simplicitystudio/v5/developer/toolchains/gnu_arm/12.2.rel1_2023.7/bin/../lib/gcc/arm-none-eabi/12.2.1/thumb/v8-m.main+fp/hard\libc_nano.a
END GROUP
START GROUP
LOAD c:/siliconlabs/simplicitystudio/v5/developer/toolchains/gnu_arm/12.2.rel1_2023.7/bin/../lib/gcc/arm-none-eabi/12.2.1/thumb/v8-m.main+fp/hard\libgcc.a
LOAD c:/siliconlabs/simplicitystudio/v5/developer/toolchains/gnu_arm/12.2.rel1_2023.7/bin/../lib/gcc/arm-none-eabi/12.2.1/thumb/v8-m.main+fp/hard\libc_nano.a
END GROUP
LOAD c:/siliconlabs/simplicitystudio/v5/developer/toolchains/gnu_arm/12.2.rel1_2023.7/bin/../lib/gcc/arm-none-eabi/12.2.1/thumb/v8-m.main+fp/hard/crtend.o
LOAD c:/siliconlabs/simplicitystudio/v5/developer/toolchains/gnu_arm/12.2.rel1_2023.7/bin/../lib/gcc/arm-none-eabi/12.2.1/thumb/v8-m.main+fp/hard/crtn.o

.text           0x00000000     0xe31c
                0x00000000                linker_vectors_begin = .
 *(.vectors)
 .vectors       0x00000000      0x134 ./gecko_sdk_4.4.2/platform/Device/SiliconLabs/EFR32BG21/Source/startup_efr32bg21.o
                0x00000000                __Vectors
                0x00000134                linker_vectors_end = .
                0x00000134                __Vectors_End = .
                0x00000134                __Vectors_Size = (__Vectors_End - __Vectors)
                0x00000134                linker_code_begin = .
 *(SORT_BY_ALIGNMENT(.text*))
 *fill*         0x00000134        0x4 
 .text.radio_init
                0x00000138       0xe8 C:/Users/progi/SimplicityStudio/SDKs/gecko_sdk//protocol/bluetooth/lib/EFR32XG21/GCC/libapploader.a(radio.c.obj)
                0x00000138                radio_init
 .text.deregister_tm_clones
                0x00000220       0x1c c:/siliconlabs/simplicitystudio/v5/developer/toolchains/gnu_arm/12.2.rel1_2023.7/bin/../lib/gcc/arm-none-eabi/12.2.1/thumb/v8-m.main+fp/hard/crtbegin.o
 .text.register_tm_clones
                0x0000023c       0x28 c:/siliconlabs/simplicitystudio/v5/developer/toolchains/gnu_arm/12.2.rel1_2023.7/bin/../lib/gcc/arm-none-eabi/12.2.1/thumb/v8-m.main+fp/hard/crtbegin.o
 .text.__do_global_dtors_aux
                0x00000264       0x28 c:/siliconlabs/simplicitystudio/v5/developer/toolchains/gnu_arm/12.2.rel1_2023.7/bin/../lib/gcc/arm-none-eabi/12.2.1/thumb/v8-m.main+fp/hard/crtbegin.o
 .text.frame_dummy
                0x0000028c       0x24 c:/siliconlabs/simplicitystudio/v5/developer/toolchains/gnu_arm/12.2.rel1_2023.7/bin/../lib/gcc/arm-none-eabi/12.2.1/thumb/v8-m.main+fp/hard/crtbegin.o
 .text.sl_device_init_clocks
                0x000002b0       0x80 ./autogen/sl_device_init_clocks.o
                0x000002b0                sl_device_init_clocks
 .text.Copy_Table
                0x00000330       0x28 ./gecko_sdk_4.4.2/platform/Device/SiliconLabs/EFR32BG21/Source/startup_efr32bg21.o
                0x00000330                Copy_Table
 .text.Zero_Table
                0x00000358       0x24 ./gecko_sdk_4.4.2/platform/Device/SiliconLabs/EFR32BG21/Source/startup_efr32bg21.o
                0x00000358                Zero_Table
 .text.CopyRamFuncs
                0x0000037c       0x1c ./gecko_sdk_4.4.2/platform/Device/SiliconLabs/EFR32BG21/Source/startup_efr32bg21.o
                0x0000037c                CopyRamFuncs
 .text.SystemInit
                0x00000398       0x58 ./gecko_sdk_4.4.2/platform/Device/SiliconLabs/EFR32BG21/Source/system_efr32bg21.o
                0x00000398                SystemInit
 .text.SystemHFRCODPLLClockGet
                0x000003f0        0xc ./gecko_sdk_4.4.2/platform/Device/SiliconLabs/EFR32BG21/Source/system_efr32bg21.o
                0x000003f0                SystemHFRCODPLLClockGet
 .text.SystemSYSCLKGet
                0x000003fc       0x34 ./gecko_sdk_4.4.2/platform/Device/SiliconLabs/EFR32BG21/Source/system_efr32bg21.o
                0x000003fc                SystemSYSCLKGet
 .text.SystemHCLKGet
                0x00000430       0x24 ./gecko_sdk_4.4.2/platform/Device/SiliconLabs/EFR32BG21/Source/system_efr32bg21.o
                0x00000430                SystemHCLKGet
 .text.SystemMaxCoreClockGet
                0x00000454        0x8 ./gecko_sdk_4.4.2/platform/Device/SiliconLabs/EFR32BG21/Source/system_efr32bg21.o
                0x00000454                SystemMaxCoreClockGet
 .text.SystemHFXOClockGet
                0x0000045c        0xc ./gecko_sdk_4.4.2/platform/Device/SiliconLabs/EFR32BG21/Source/system_efr32bg21.o
                0x0000045c                SystemHFXOClockGet
 .text.SystemHFXOClockSet
                0x00000468       0x20 ./gecko_sdk_4.4.2/platform/Device/SiliconLabs/EFR32BG21/Source/system_efr32bg21.o
                0x00000468                SystemHFXOClockSet
 .text.SystemFSRCOClockGet
                0x00000488        0x8 ./gecko_sdk_4.4.2/platform/Device/SiliconLabs/EFR32BG21/Source/system_efr32bg21.o
                0x00000488                SystemFSRCOClockGet
 .text.SystemHFRCOEM23ClockGet
                0x00000490       0x88 ./gecko_sdk_4.4.2/platform/Device/SiliconLabs/EFR32BG21/Source/system_efr32bg21.o
                0x00000490                SystemHFRCOEM23ClockGet
 .text.SystemLFXOClockGet
                0x00000518        0xc ./gecko_sdk_4.4.2/platform/Device/SiliconLabs/EFR32BG21/Source/system_efr32bg21.o
                0x00000518                SystemLFXOClockGet
 .text.communication_main
                0x00000524       0x5c ./gecko_sdk_4.4.2/platform/bootloader/communication/apploader/btl_apploader.o
                0x00000524                communication_main
 .text.bootloader_apploader_connection_complete
                0x00000580       0x20 ./gecko_sdk_4.4.2/platform/bootloader/communication/apploader/btl_apploader_common.o
                0x00000580                bootloader_apploader_connection_complete
 .text.bootloader_apploader_disconnection_complete
                0x000005a0       0x60 ./gecko_sdk_4.4.2/platform/bootloader/communication/apploader/btl_apploader_common.o
                0x000005a0                bootloader_apploader_disconnection_complete
 .text.bootloader_apploader_parse_gbl
                0x00000600       0x34 ./gecko_sdk_4.4.2/platform/bootloader/communication/apploader/btl_apploader_common.o
                0x00000600                bootloader_apploader_parse_gbl
 .text.bootloader_apploader_parser_init
                0x00000634       0x20 ./gecko_sdk_4.4.2/platform/bootloader/communication/apploader/btl_apploader_common.o
                0x00000634                bootloader_apploader_parser_init
 .text.bootloader_apploader_parser_finish
                0x00000654       0x2c ./gecko_sdk_4.4.2/platform/bootloader/communication/apploader/btl_apploader_common.o
                0x00000654                bootloader_apploader_parser_finish
 .text.bootloader_apploader_communication_init
                0x00000680       0x1c ./gecko_sdk_4.4.2/platform/bootloader/communication/apploader/btl_apploader_common.o
                0x00000680                bootloader_apploader_communication_init
 .text.bootloader_apploader_communication_start
                0x0000069c       0x98 ./gecko_sdk_4.4.2/platform/bootloader/communication/apploader/btl_apploader_common.o
                0x0000069c                bootloader_apploader_communication_start
 .text.bootloader_apploader_communication_main
                0x00000734       0x70 ./gecko_sdk_4.4.2/platform/bootloader/communication/apploader/btl_apploader_common.o
                0x00000734                bootloader_apploader_communication_main
 .text.bootload_checkApplicationPropertiesMagic
                0x000007a4       0x48 ./gecko_sdk_4.4.2/platform/bootloader/core/btl_bootload.o
                0x000007a4                bootload_checkApplicationPropertiesMagic
 .text.bootload_verifyApplication
                0x000007ec       0xf8 ./gecko_sdk_4.4.2/platform/bootloader/core/btl_bootload.o
                0x000007ec                bootload_verifyApplication
 .text.bootload_commitBootloaderUpgrade
                0x000008e4       0x88 ./gecko_sdk_4.4.2/platform/bootloader/core/btl_bootload.o
                0x000008e4                bootload_commitBootloaderUpgrade
 .text.bootload_commitSeUpgrade
                0x0000096c       0x60 ./gecko_sdk_4.4.2/platform/bootloader/core/btl_bootload.o
                0x0000096c                bootload_commitSeUpgrade
 .text.bootload_getSeVersion
                0x000009cc       0x44 ./gecko_sdk_4.4.2/platform/bootloader/core/btl_bootload.o
                0x000009cc                bootload_getSeVersion
 .text.startup.main
                0x00000a10       0xdc ./gecko_sdk_4.4.2/platform/bootloader/core/btl_main.o
                0x00000a10                main
 .text.SystemInit2
                0x00000aec       0xd8 ./gecko_sdk_4.4.2/platform/bootloader/core/btl_main.o
                0x00000aec                SystemInit2
 .text.reset_invalidateResetReason
                0x00000bc4       0x10 ./gecko_sdk_4.4.2/platform/bootloader/core/btl_reset.o
                0x00000bc4                reset_invalidateResetReason
 .text.reset_resetCounterEnabled
                0x00000bd4       0x1c ./gecko_sdk_4.4.2/platform/bootloader/core/btl_reset.o
                0x00000bd4                reset_resetCounterEnabled
 .text.reset_setResetReason
                0x00000bf0       0x18 ./gecko_sdk_4.4.2/platform/bootloader/core/btl_reset.o
                0x00000bf0                reset_setResetReason
 .text.reset_resetWithReason
                0x00000c08       0x28 ./gecko_sdk_4.4.2/platform/bootloader/core/btl_reset.o
                0x00000c08                reset_resetWithReason
 .text.reset_classifyReset
                0x00000c30       0x2c ./gecko_sdk_4.4.2/platform/bootloader/core/btl_reset.o
                0x00000c30                reset_classifyReset
 .text.gbl_getTagParsingInfoFromTagId
                0x00000c5c       0x24 ./gecko_sdk_4.4.2/platform/bootloader/parser/gbl/btl_gbl_format.o
                0x00000c5c                gbl_getTagParsingInfoFromTagId
 .text.gbl_parseHeader
                0x00000c80       0x7c ./gecko_sdk_4.4.2/platform/bootloader/parser/gbl/btl_gbl_parser.o
 .text.gbl_writeProgData
                0x00000cfc       0xa4 ./gecko_sdk_4.4.2/platform/bootloader/parser/gbl/btl_gbl_parser.o
                0x00000cfc                gbl_writeProgData
 .text.parser_init
                0x00000da0       0x74 ./gecko_sdk_4.4.2/platform/bootloader/parser/gbl/btl_gbl_parser.o
                0x00000da0                parser_init
 .text.parser_parse
                0x00000e14      0x694 ./gecko_sdk_4.4.2/platform/bootloader/parser/gbl/btl_gbl_parser.o
                0x00000e14                parser_parse
 .text.btl_crc32Stream
                0x000014a8       0x28 ./gecko_sdk_4.4.2/platform/bootloader/security/btl_crc32.o
                0x000014a8                btl_crc32Stream
 .text.btl_verifyEcdsaP256r1
                0x000014d0       0xf4 ./gecko_sdk_4.4.2/platform/bootloader/security/btl_security_ecdsa.o
                0x000014d0                btl_verifyEcdsaP256r1
 .text.btl_getSignedBootloaderKeyXPtr
                0x000015c4       0x30 ./gecko_sdk_4.4.2/platform/bootloader/security/btl_security_tokens.o
                0x000015c4                btl_getSignedBootloaderKeyXPtr
 .text.btl_getSignedBootloaderKeyYPtr
                0x000015f4       0x30 ./gecko_sdk_4.4.2/platform/bootloader/security/btl_security_tokens.o
                0x000015f4                btl_getSignedBootloaderKeyYPtr
 .text.btl_getImageFileEncryptionKeyPtr
                0x00001624        0x8 ./gecko_sdk_4.4.2/platform/bootloader/security/btl_security_tokens.o
                0x00001624                btl_getImageFileEncryptionKeyPtr
 .text.sha_x_update
                0x0000162c       0xbc ./gecko_sdk_4.4.2/platform/bootloader/security/sha/btl_sha256.o
                0x0000162c                sha_x_update
 .text.sha_x_finish.part.0
                0x000016e8       0x98 ./gecko_sdk_4.4.2/platform/bootloader/security/sha/btl_sha256.o
 .text.sha_x_process
                0x00001780       0x9c ./gecko_sdk_4.4.2/platform/bootloader/security/sha/se_sha.o
                0x00001780                sha_x_process
 .text.flashWaitStateControl
                0x0000181c       0x60 ./gecko_sdk_4.4.2/platform/emlib/src/em_cmu.o
 .text.em01GrpaClkGet
                0x0000187c       0x54 ./gecko_sdk_4.4.2/platform/emlib/src/em_cmu.o
 .text.iadcClkGet
                0x000018d0       0x50 ./gecko_sdk_4.4.2/platform/emlib/src/em_cmu.o
 .text.em23GrpaClkGet
                0x00001920       0x48 ./gecko_sdk_4.4.2/platform/emlib/src/em_cmu.o
 .text.em4GrpaClkGet
                0x00001968       0x48 ./gecko_sdk_4.4.2/platform/emlib/src/em_cmu.o
 .text.wdog0ClkGet
                0x000019b0       0x58 ./gecko_sdk_4.4.2/platform/emlib/src/em_cmu.o
 .text.wdog1ClkGet
                0x00001a08       0x58 ./gecko_sdk_4.4.2/platform/emlib/src/em_cmu.o
 .text.rtccClkGet
                0x00001a60       0x48 ./gecko_sdk_4.4.2/platform/emlib/src/em_cmu.o
 .text.dpllRefClkGet
                0x00001aa8       0x48 ./gecko_sdk_4.4.2/platform/emlib/src/em_cmu.o
 .text.CMU_ClockDivGet
                0x00001af0       0x3c ./gecko_sdk_4.4.2/platform/emlib/src/em_cmu.o
                0x00001af0                CMU_ClockDivGet
 .text.CMU_ClockFreqGet
                0x00001b2c      0x10c ./gecko_sdk_4.4.2/platform/emlib/src/em_cmu.o
                0x00001b2c                CMU_ClockFreqGet
 .text.pclkDivOptimize
                0x00001c38       0x20 ./gecko_sdk_4.4.2/platform/emlib/src/em_cmu.o
 .text.CMU_ClockDivSet
                0x00001c58       0x70 ./gecko_sdk_4.4.2/platform/emlib/src/em_cmu.o
                0x00001c58                CMU_ClockDivSet
 .text.CMU_ClockSelectGet
                0x00001cc8      0x100 ./gecko_sdk_4.4.2/platform/emlib/src/em_cmu.o
                0x00001cc8                CMU_ClockSelectGet
 .text.CMU_HFXOInit
                0x00001dc8      0x128 ./gecko_sdk_4.4.2/platform/emlib/src/em_cmu.o
                0x00001dc8                CMU_HFXOInit
 .text.CMU_HFXOCTuneDeltaGet
                0x00001ef0        0xc ./gecko_sdk_4.4.2/platform/emlib/src/em_cmu.o
                0x00001ef0                CMU_HFXOCTuneDeltaGet
 .text.CMU_HFXOPrecisionSet
                0x00001efc        0xc ./gecko_sdk_4.4.2/platform/emlib/src/em_cmu.o
                0x00001efc                CMU_HFXOPrecisionSet
 .text.mscStatusWait
                0x00001f08       0x54 ./gecko_sdk_4.4.2/platform/emlib/src/em_msc.o
                0x00001f08                mscStatusWait
 .text.MSC_ErasePage
                0x00001f5c       0x48 ./gecko_sdk_4.4.2/platform/emlib/src/em_msc.o
                0x00001f5c                MSC_ErasePage
 .text.MSC_WriteWordDma
                0x00001fa4       0xd4 ./gecko_sdk_4.4.2/platform/emlib/src/em_msc.o
                0x00001fa4                MSC_WriteWordDma
 .text.SYSTEM_ChipRevisionGet
                0x00002078       0x1c ./gecko_sdk_4.4.2/platform/emlib/src/em_system.o
                0x00002078                SYSTEM_ChipRevisionGet
 .text.SYSTEM_GetUnique
                0x00002094        0xc ./gecko_sdk_4.4.2/platform/emlib/src/em_system.o
                0x00002094                SYSTEM_GetUnique
 .text.RAIL_InitTxPowerCurvesAlt
                0x000020a0       0x20 ./gecko_sdk_4.4.2/platform/radio/rail_lib/plugin/pa-conversions/pa_conversions_efr32.o
                0x000020a0                RAIL_InitTxPowerCurvesAlt
 .text.RAIL_ConvertDbmToRaw
                0x000020c0      0x100 ./gecko_sdk_4.4.2/platform/radio/rail_lib/plugin/pa-conversions/pa_conversions_efr32.o
                0x000020c0                RAIL_ConvertDbmToRaw
 .text.sl_rail_util_pa_init
                0x000021c0       0x18 ./gecko_sdk_4.4.2/platform/radio/rail_lib/plugin/pa-conversions/pa_conversions_efr32.o
                0x000021c0                sl_rail_util_pa_init
 .text.sl_rail_util_pa_get_tx_power_config_2p4ghz
                0x000021d8        0x8 ./gecko_sdk_4.4.2/platform/radio/rail_lib/plugin/pa-conversions/pa_conversions_efr32.o
                0x000021d8                sl_rail_util_pa_get_tx_power_config_2p4ghz
 .text.sl_se_read_pubkey
                0x000021e0       0x58 ./gecko_sdk_4.4.2/platform/security/sl_component/se_manager/src/sl_se_manager_util.o
                0x000021e0                sl_se_read_pubkey
 .text.mbedtls_aes_crypt_ecb
                0x00002238       0xc8 ./gecko_sdk_4.4.2/platform/security/sl_component/sl_mbedtls_support/src/se_aes.o
                0x00002238                mbedtls_aes_crypt_ecb
 .text.mbedtls_aes_crypt_ctr
                0x00002300      0x180 ./gecko_sdk_4.4.2/platform/security/sl_component/sl_mbedtls_support/src/se_aes.o
                0x00002300                mbedtls_aes_crypt_ctr
 .text.sl_device_init_hfxo
                0x00002480       0x70 ./gecko_sdk_4.4.2/platform/service/device_init/src/sl_device_init_hfxo_s2.o
                0x00002480                sl_device_init_hfxo
 .text.sl_apploader_set_database
                0x000024f0        0xc C:/Users/progi/SimplicityStudio/SDKs/gecko_sdk//protocol/bluetooth/lib/EFR32XG21/GCC/libapploader.a(apploader_lib_api.c.obj)
                0x000024f0                sl_apploader_set_database
 .text.sl_apploader_reset_database
                0x000024fc        0xc C:/Users/progi/SimplicityStudio/SDKs/gecko_sdk//protocol/bluetooth/lib/EFR32XG21/GCC/libapploader.a(apploader_lib_api.c.obj)
                0x000024fc                sl_apploader_reset_database
 .text.sl_apploader_database_add_gatt_service
                0x00002508        0xc C:/Users/progi/SimplicityStudio/SDKs/gecko_sdk//protocol/bluetooth/lib/EFR32XG21/GCC/libapploader.a(apploader_lib_api.c.obj)
                0x00002508                sl_apploader_database_add_gatt_service
 .text.sl_apploader_database_add_gap_service
                0x00002514       0x10 C:/Users/progi/SimplicityStudio/SDKs/gecko_sdk//protocol/bluetooth/lib/EFR32XG21/GCC/libapploader.a(apploader_lib_api.c.obj)
                0x00002514                sl_apploader_database_add_gap_service
 .text.sl_apploader_database_add_ota_service
                0x00002524        0xc C:/Users/progi/SimplicityStudio/SDKs/gecko_sdk//protocol/bluetooth/lib/EFR32XG21/GCC/libapploader.a(apploader_lib_api.c.obj)
                0x00002524                sl_apploader_database_add_ota_service
 .text.gattDatabase_addService
                0x00002530       0x24 C:/Users/progi/SimplicityStudio/SDKs/gecko_sdk//protocol/bluetooth/lib/EFR32XG21/GCC/libapploader.a(gatt_database.c.obj)
                0x00002530                gattDatabase_addService
 .text.gattDatabase_addCharacteristic
                0x00002554       0x60 C:/Users/progi/SimplicityStudio/SDKs/gecko_sdk//protocol/bluetooth/lib/EFR32XG21/GCC/libapploader.a(gatt_database.c.obj)
                0x00002554                gattDatabase_addCharacteristic
 .text.bt_addGattService
                0x000025b4       0x60 C:/Users/progi/SimplicityStudio/SDKs/gecko_sdk//protocol/bluetooth/lib/EFR32XG21/GCC/libapploader.a(bt_database.c.obj)
                0x000025b4                bt_addGattService
 .text.bt_addGapService
                0x00002614       0x48 C:/Users/progi/SimplicityStudio/SDKs/gecko_sdk//protocol/bluetooth/lib/EFR32XG21/GCC/libapploader.a(bt_database.c.obj)
                0x00002614                bt_addGapService
 .text.applicationVersionCallback
                0x0000265c       0x1c C:/Users/progi/SimplicityStudio/SDKs/gecko_sdk//protocol/bluetooth/lib/EFR32XG21/GCC/libapploader.a(dfu_database.c.obj)
 .text.bootloaderVersionCallback
                0x00002678       0x1c C:/Users/progi/SimplicityStudio/SDKs/gecko_sdk//protocol/bluetooth/lib/EFR32XG21/GCC/libapploader.a(dfu_database.c.obj)
 .text.dfu_addOtaService
                0x00002694      0x148 C:/Users/progi/SimplicityStudio/SDKs/gecko_sdk//protocol/bluetooth/lib/EFR32XG21/GCC/libapploader.a(dfu_database.c.obj)
                0x00002694                dfu_addOtaService
 .text.sendPduData.constprop.0
                0x000027dc       0x28 C:/Users/progi/SimplicityStudio/SDKs/gecko_sdk//protocol/bluetooth/lib/EFR32XG21/GCC/libapploader.a(att.c.obj)
 .text.att_init
                0x00002804        0xc C:/Users/progi/SimplicityStudio/SDKs/gecko_sdk//protocol/bluetooth/lib/EFR32XG21/GCC/libapploader.a(att.c.obj)
                0x00002804                att_init
 .text.att_sendErrorRsp
                0x00002810       0x44 C:/Users/progi/SimplicityStudio/SDKs/gecko_sdk//protocol/bluetooth/lib/EFR32XG21/GCC/libapploader.a(att.c.obj)
                0x00002810                att_sendErrorRsp
 .text.att_sendExchangeMtuRsp
                0x00002854       0x38 C:/Users/progi/SimplicityStudio/SDKs/gecko_sdk//protocol/bluetooth/lib/EFR32XG21/GCC/libapploader.a(att.c.obj)
                0x00002854                att_sendExchangeMtuRsp
 .text.att_sendFindInformationRsp
                0x0000288c       0x48 C:/Users/progi/SimplicityStudio/SDKs/gecko_sdk//protocol/bluetooth/lib/EFR32XG21/GCC/libapploader.a(att.c.obj)
                0x0000288c                att_sendFindInformationRsp
 .text.att_sendFindByTypeValueRsp
                0x000028d4       0x40 C:/Users/progi/SimplicityStudio/SDKs/gecko_sdk//protocol/bluetooth/lib/EFR32XG21/GCC/libapploader.a(att.c.obj)
                0x000028d4                att_sendFindByTypeValueRsp
 .text.att_sendReadRsp
                0x00002914       0x34 C:/Users/progi/SimplicityStudio/SDKs/gecko_sdk//protocol/bluetooth/lib/EFR32XG21/GCC/libapploader.a(att.c.obj)
                0x00002914                att_sendReadRsp
 .text.att_sendWriteRsp
                0x00002948       0x30 C:/Users/progi/SimplicityStudio/SDKs/gecko_sdk//protocol/bluetooth/lib/EFR32XG21/GCC/libapploader.a(att.c.obj)
                0x00002948                att_sendWriteRsp
 .text.att_sendReadByTypeRsp
                0x00002978       0x40 C:/Users/progi/SimplicityStudio/SDKs/gecko_sdk//protocol/bluetooth/lib/EFR32XG21/GCC/libapploader.a(att.c.obj)
                0x00002978                att_sendReadByTypeRsp
 .text.att_sendReadByGroupTypeRsp
                0x000029b8       0x48 C:/Users/progi/SimplicityStudio/SDKs/gecko_sdk//protocol/bluetooth/lib/EFR32XG21/GCC/libapploader.a(att.c.obj)
                0x000029b8                att_sendReadByGroupTypeRsp
 .text.att_pdu  0x00002a00       0x44 C:/Users/progi/SimplicityStudio/SDKs/gecko_sdk//protocol/bluetooth/lib/EFR32XG21/GCC/libapploader.a(att.c.obj)
                0x00002a00                att_pdu
 .text.getAttribute
                0x00002a44       0x50 C:/Users/progi/SimplicityStudio/SDKs/gecko_sdk//protocol/bluetooth/lib/EFR32XG21/GCC/libapploader.a(att_database.c.obj)
 .text.attDatabase_init
                0x00002a94       0x10 C:/Users/progi/SimplicityStudio/SDKs/gecko_sdk//protocol/bluetooth/lib/EFR32XG21/GCC/libapploader.a(att_database.c.obj)
                0x00002a94                attDatabase_init
 .text.attServer_pdu
                0x00002aa4      0x3bc C:/Users/progi/SimplicityStudio/SDKs/gecko_sdk//protocol/bluetooth/lib/EFR32XG21/GCC/libapploader.a(att_server.c.obj)
                0x00002aa4                attServer_pdu
 .text.l2cap_init
                0x00002e60        0xc C:/Users/progi/SimplicityStudio/SDKs/gecko_sdk//protocol/bluetooth/lib/EFR32XG21/GCC/libapploader.a(l2cap.c.obj)
                0x00002e60                l2cap_init
 .text.l2cap_pdu
                0x00002e6c       0x4c C:/Users/progi/SimplicityStudio/SDKs/gecko_sdk//protocol/bluetooth/lib/EFR32XG21/GCC/libapploader.a(l2cap.c.obj)
                0x00002e6c                l2cap_pdu
 .text.l2cap_run
                0x00002eb8       0x4c C:/Users/progi/SimplicityStudio/SDKs/gecko_sdk//protocol/bluetooth/lib/EFR32XG21/GCC/libapploader.a(l2cap.c.obj)
                0x00002eb8                l2cap_run
 .text.hci_init
                0x00002f04       0x54 C:/Users/progi/SimplicityStudio/SDKs/gecko_sdk//protocol/bluetooth/lib/EFR32XG21/GCC/libapploader.a(hci.c.obj)
                0x00002f04                hci_init
 .text.hci_readTxData
                0x00002f58       0x18 C:/Users/progi/SimplicityStudio/SDKs/gecko_sdk//protocol/bluetooth/lib/EFR32XG21/GCC/libapploader.a(hci.c.obj)
                0x00002f58                hci_readTxData
 .text.hci_moreTxData
                0x00002f70       0x14 C:/Users/progi/SimplicityStudio/SDKs/gecko_sdk//protocol/bluetooth/lib/EFR32XG21/GCC/libapploader.a(hci.c.obj)
                0x00002f70                hci_moreTxData
 .text.hci_readAclData
                0x00002f84       0x2c C:/Users/progi/SimplicityStudio/SDKs/gecko_sdk//protocol/bluetooth/lib/EFR32XG21/GCC/libapploader.a(hci.c.obj)
                0x00002f84                hci_readAclData
 .text.hci_isAclDataInBuffer
                0x00002fb0       0x14 C:/Users/progi/SimplicityStudio/SDKs/gecko_sdk//protocol/bluetooth/lib/EFR32XG21/GCC/libapploader.a(hci.c.obj)
                0x00002fb0                hci_isAclDataInBuffer
 .text.hci_writeAclData
                0x00002fc4       0x2c C:/Users/progi/SimplicityStudio/SDKs/gecko_sdk//protocol/bluetooth/lib/EFR32XG21/GCC/libapploader.a(hci.c.obj)
                0x00002fc4                hci_writeAclData
 .text.hci_isSpaceForRxData
                0x00002ff0       0x1c C:/Users/progi/SimplicityStudio/SDKs/gecko_sdk//protocol/bluetooth/lib/EFR32XG21/GCC/libapploader.a(hci_sync.c.obj)
                0x00002ff0                hci_isSpaceForRxData
 .text.hci_writeRxData
                0x0000300c       0x28 C:/Users/progi/SimplicityStudio/SDKs/gecko_sdk//protocol/bluetooth/lib/EFR32XG21/GCC/libapploader.a(hci_sync.c.obj)
                0x0000300c                hci_writeRxData
 .text.terminationProcedure
                0x00003034       0x14 C:/Users/progi/SimplicityStudio/SDKs/gecko_sdk//protocol/bluetooth/lib/EFR32XG21/GCC/libapploader.a(llcp.c.obj)
 .text.channelMapUpdateProcedure
                0x00003048       0x3c C:/Users/progi/SimplicityStudio/SDKs/gecko_sdk//protocol/bluetooth/lib/EFR32XG21/GCC/libapploader.a(llcp.c.obj)
 .text.connectionUpdateProcedure
                0x00003084       0x50 C:/Users/progi/SimplicityStudio/SDKs/gecko_sdk//protocol/bluetooth/lib/EFR32XG21/GCC/libapploader.a(llcp.c.obj)
 .text.llcp_initProcedure
                0x000030d4        0xc C:/Users/progi/SimplicityStudio/SDKs/gecko_sdk//protocol/bluetooth/lib/EFR32XG21/GCC/libapploader.a(llcp.c.obj)
                0x000030d4                llcp_initProcedure
 .text.llcp_endProcedure
                0x000030e0        0xc C:/Users/progi/SimplicityStudio/SDKs/gecko_sdk//protocol/bluetooth/lib/EFR32XG21/GCC/libapploader.a(llcp.c.obj)
                0x000030e0                llcp_endProcedure
 .text.llcp_procedure
                0x000030ec       0x14 C:/Users/progi/SimplicityStudio/SDKs/gecko_sdk//protocol/bluetooth/lib/EFR32XG21/GCC/libapploader.a(llcp.c.obj)
                0x000030ec                llcp_procedure
 .text.llcp_initPacket
                0x00003100        0xc C:/Users/progi/SimplicityStudio/SDKs/gecko_sdk//protocol/bluetooth/lib/EFR32XG21/GCC/libapploader.a(llcp.c.obj)
                0x00003100                llcp_initPacket
 .text.llcp_terminate
                0x0000310c       0x54 C:/Users/progi/SimplicityStudio/SDKs/gecko_sdk//protocol/bluetooth/lib/EFR32XG21/GCC/libapploader.a(llcp.c.obj)
                0x0000310c                llcp_terminate
 .text.llcp_pdu
                0x00003160      0x240 C:/Users/progi/SimplicityStudio/SDKs/gecko_sdk//protocol/bluetooth/lib/EFR32XG21/GCC/libapploader.a(llcp.c.obj)
                0x00003160                llcp_pdu
 .text.phyUpdateProcedure
                0x000033a0       0x30 C:/Users/progi/SimplicityStudio/SDKs/gecko_sdk//protocol/bluetooth/lib/EFR32XG21/GCC/libapploader.a(llcp_phy.c.obj)
 .text.llcp_phyInit
                0x000033d0        0xc C:/Users/progi/SimplicityStudio/SDKs/gecko_sdk//protocol/bluetooth/lib/EFR32XG21/GCC/libapploader.a(llcp_phy.c.obj)
                0x000033d0                llcp_phyInit
 .text.llcp_phyPdu
                0x000033dc       0xb4 C:/Users/progi/SimplicityStudio/SDKs/gecko_sdk//protocol/bluetooth/lib/EFR32XG21/GCC/libapploader.a(llcp_phy.c.obj)
                0x000033dc                llcp_phyPdu
 .text.setTransition
                0x00003490       0x40 C:/Users/progi/SimplicityStudio/SDKs/gecko_sdk//protocol/bluetooth/lib/EFR32XG21/GCC/libapploader.a(radio.c.obj)
 .text.eventRail
                0x000034d0       0xd4 C:/Users/progi/SimplicityStudio/SDKs/gecko_sdk//protocol/bluetooth/lib/EFR32XG21/GCC/libapploader.a(radio.c.obj)
 .text.radio_loadData
                0x000035a4       0x14 C:/Users/progi/SimplicityStudio/SDKs/gecko_sdk//protocol/bluetooth/lib/EFR32XG21/GCC/libapploader.a(radio.c.obj)
                0x000035a4                radio_loadData
 .text.radio_tx
                0x000035b8       0x64 C:/Users/progi/SimplicityStudio/SDKs/gecko_sdk//protocol/bluetooth/lib/EFR32XG21/GCC/libapploader.a(radio.c.obj)
                0x000035b8                radio_tx
 .text.radio_rx
                0x0000361c       0x7c C:/Users/progi/SimplicityStudio/SDKs/gecko_sdk//protocol/bluetooth/lib/EFR32XG21/GCC/libapploader.a(radio.c.obj)
                0x0000361c                radio_rx
 .text.radio_abort
                0x00003698       0x24 C:/Users/progi/SimplicityStudio/SDKs/gecko_sdk//protocol/bluetooth/lib/EFR32XG21/GCC/libapploader.a(radio.c.obj)
                0x00003698                radio_abort
 .text.radio_getAddress
                0x000036bc        0x8 C:/Users/progi/SimplicityStudio/SDKs/gecko_sdk//protocol/bluetooth/lib/EFR32XG21/GCC/libapploader.a(radio.c.obj)
                0x000036bc                radio_getAddress
 .text.radio_getSupportedFeatures
                0x000036c4        0xc C:/Users/progi/SimplicityStudio/SDKs/gecko_sdk//protocol/bluetooth/lib/EFR32XG21/GCC/libapploader.a(radio.c.obj)
                0x000036c4                radio_getSupportedFeatures
 .text.radio_getRxPacketTimestamp
                0x000036d0       0x28 C:/Users/progi/SimplicityStudio/SDKs/gecko_sdk//protocol/bluetooth/lib/EFR32XG21/GCC/libapploader.a(radio.c.obj)
                0x000036d0                radio_getRxPacketTimestamp
 .text.radio_configure
                0x000036f8       0x24 C:/Users/progi/SimplicityStudio/SDKs/gecko_sdk//protocol/bluetooth/lib/EFR32XG21/GCC/libapploader.a(radio.c.obj)
                0x000036f8                radio_configure
 .text.radio_phyInit
                0x0000371c       0x10 C:/Users/progi/SimplicityStudio/SDKs/gecko_sdk//protocol/bluetooth/lib/EFR32XG21/GCC/libapploader.a(radio_phy.c.obj)
                0x0000371c                radio_phyInit
 .text.radio_phyConfig
                0x0000372c       0x40 C:/Users/progi/SimplicityStudio/SDKs/gecko_sdk//protocol/bluetooth/lib/EFR32XG21/GCC/libapploader.a(radio_phy.c.obj)
                0x0000372c                radio_phyConfig
 .text.dfu_begin
                0x0000376c       0x30 C:/Users/progi/SimplicityStudio/SDKs/gecko_sdk//protocol/bluetooth/lib/EFR32XG21/GCC/libapploader.a(dfu.c.obj)
                0x0000376c                dfu_begin
 .text.dfu_end  0x0000379c       0x28 C:/Users/progi/SimplicityStudio/SDKs/gecko_sdk//protocol/bluetooth/lib/EFR32XG21/GCC/libapploader.a(dfu.c.obj)
                0x0000379c                dfu_end
 .text.dfu_data
                0x000037c4       0x58 C:/Users/progi/SimplicityStudio/SDKs/gecko_sdk//protocol/bluetooth/lib/EFR32XG21/GCC/libapploader.a(dfu.c.obj)
                0x000037c4                dfu_data
 .text.dfu_parse
                0x0000381c       0x64 C:/Users/progi/SimplicityStudio/SDKs/gecko_sdk//protocol/bluetooth/lib/EFR32XG21/GCC/libapploader.a(dfu_gbl_btl_plugin.c.obj)
                0x0000381c                dfu_parse
 .text.dfu_clean
                0x00003880        0xc C:/Users/progi/SimplicityStudio/SDKs/gecko_sdk//protocol/bluetooth/lib/EFR32XG21/GCC/libapploader.a(dfu_gbl_btl_plugin.c.obj)
                0x00003880                dfu_clean
 .text.txAdvPacket
                0x0000388c       0x58 C:/Users/progi/SimplicityStudio/SDKs/gecko_sdk//protocol/bluetooth/lib/EFR32XG21/GCC/libapploader.a(adv.c.obj)
 .text.adv_callback
                0x000038e4       0xa4 C:/Users/progi/SimplicityStudio/SDKs/gecko_sdk//protocol/bluetooth/lib/EFR32XG21/GCC/libapploader.a(adv.c.obj)
 .text.adv_init
                0x00003988       0x38 C:/Users/progi/SimplicityStudio/SDKs/gecko_sdk//protocol/bluetooth/lib/EFR32XG21/GCC/libapploader.a(adv.c.obj)
                0x00003988                adv_init
 .text.adv_enable
                0x000039c0       0x9c C:/Users/progi/SimplicityStudio/SDKs/gecko_sdk//protocol/bluetooth/lib/EFR32XG21/GCC/libapploader.a(adv.c.obj)
                0x000039c0                adv_enable
 .text.adv_setAdvertisingData
                0x00003a5c       0x24 C:/Users/progi/SimplicityStudio/SDKs/gecko_sdk//protocol/bluetooth/lib/EFR32XG21/GCC/libapploader.a(adv.c.obj)
                0x00003a5c                adv_setAdvertisingData
 .text.adv_setScanResponseData
                0x00003a80       0x28 C:/Users/progi/SimplicityStudio/SDKs/gecko_sdk//protocol/bluetooth/lib/EFR32XG21/GCC/libapploader.a(adv.c.obj)
                0x00003a80                adv_setScanResponseData
 .text.resetTimeout
                0x00003aa8       0x3c C:/Users/progi/SimplicityStudio/SDKs/gecko_sdk//protocol/bluetooth/lib/EFR32XG21/GCC/libapploader.a(conn.c.obj)
 .text.conn_prepareEvent
                0x00003ae4       0x60 C:/Users/progi/SimplicityStudio/SDKs/gecko_sdk//protocol/bluetooth/lib/EFR32XG21/GCC/libapploader.a(conn.c.obj)
 .text.conn_setChannelMap
                0x00003b44       0x64 C:/Users/progi/SimplicityStudio/SDKs/gecko_sdk//protocol/bluetooth/lib/EFR32XG21/GCC/libapploader.a(conn.c.obj)
                0x00003b44                conn_setChannelMap
 .text.conn_setWindow
                0x00003ba8       0x28 C:/Users/progi/SimplicityStudio/SDKs/gecko_sdk//protocol/bluetooth/lib/EFR32XG21/GCC/libapploader.a(conn.c.obj)
                0x00003ba8                conn_setWindow
 .text.conn_setParameters
                0x00003bd0       0x10 C:/Users/progi/SimplicityStudio/SDKs/gecko_sdk//protocol/bluetooth/lib/EFR32XG21/GCC/libapploader.a(conn.c.obj)
                0x00003bd0                conn_setParameters
 .text.conn_setPhy
                0x00003be0        0xc C:/Users/progi/SimplicityStudio/SDKs/gecko_sdk//protocol/bluetooth/lib/EFR32XG21/GCC/libapploader.a(conn.c.obj)
                0x00003be0                conn_setPhy
 .text.conn_setMaxPacketLength
                0x00003bec       0x14 C:/Users/progi/SimplicityStudio/SDKs/gecko_sdk//protocol/bluetooth/lib/EFR32XG21/GCC/libapploader.a(conn.c.obj)
                0x00003bec                conn_setMaxPacketLength
 .text.conn_sendLlcpPdu
                0x00003c00       0x18 C:/Users/progi/SimplicityStudio/SDKs/gecko_sdk//protocol/bluetooth/lib/EFR32XG21/GCC/libapploader.a(conn.c.obj)
                0x00003c00                conn_sendLlcpPdu
 .text.conn_disconnect
                0x00003c18       0x24 C:/Users/progi/SimplicityStudio/SDKs/gecko_sdk//protocol/bluetooth/lib/EFR32XG21/GCC/libapploader.a(conn.c.obj)
                0x00003c18                conn_disconnect
 .text.conn_terminate
                0x00003c3c       0x34 C:/Users/progi/SimplicityStudio/SDKs/gecko_sdk//protocol/bluetooth/lib/EFR32XG21/GCC/libapploader.a(conn.c.obj)
                0x00003c3c                conn_terminate
 .text.conn_endEvent
                0x00003c70       0x58 C:/Users/progi/SimplicityStudio/SDKs/gecko_sdk//protocol/bluetooth/lib/EFR32XG21/GCC/libapploader.a(conn.c.obj)
 .text.conn_callback
                0x00003cc8      0x238 C:/Users/progi/SimplicityStudio/SDKs/gecko_sdk//protocol/bluetooth/lib/EFR32XG21/GCC/libapploader.a(conn.c.obj)
 .text.conn_getEventCounter
                0x00003f00        0xc C:/Users/progi/SimplicityStudio/SDKs/gecko_sdk//protocol/bluetooth/lib/EFR32XG21/GCC/libapploader.a(conn.c.obj)
                0x00003f00                conn_getEventCounter
 .text.conn_connect
                0x00003f0c       0xac C:/Users/progi/SimplicityStudio/SDKs/gecko_sdk//protocol/bluetooth/lib/EFR32XG21/GCC/libapploader.a(conn.c.obj)
                0x00003f0c                conn_connect
 .text.RAIL_Init
                0x00003fb8       0x4c C:/Users/progi/SimplicityStudio/SDKs/gecko_sdk//platform/radio/rail_lib/autogen/librail_release/librail_efr32xg21_gcc_release.a(rail_singleprotocol.o)
                0x00003fb8                RAIL_Init
 .text.RAIL_IsInitialized
                0x00004004       0x10 C:/Users/progi/SimplicityStudio/SDKs/gecko_sdk//platform/radio/rail_lib/autogen/librail_release/librail_efr32xg21_gcc_release.a(rail_singleprotocol.o)
                0x00004004                RAIL_IsInitialized
 .text.RAIL_StartTx
                0x00004014       0x1c C:/Users/progi/SimplicityStudio/SDKs/gecko_sdk//platform/radio/rail_lib/autogen/librail_release/librail_efr32xg21_gcc_release.a(rail_singleprotocol.o)
                0x00004014                RAIL_StartTx
 .text.RAIL_StartScheduledTx
                0x00004030       0x18 C:/Users/progi/SimplicityStudio/SDKs/gecko_sdk//platform/radio/rail_lib/autogen/librail_release/librail_efr32xg21_gcc_release.a(rail_singleprotocol.o)
                0x00004030                RAIL_StartScheduledTx
 .text.RAIL_ScheduleRx
                0x00004048       0x18 C:/Users/progi/SimplicityStudio/SDKs/gecko_sdk//platform/radio/rail_lib/autogen/librail_release/librail_efr32xg21_gcc_release.a(rail_singleprotocol.o)
                0x00004048                RAIL_ScheduleRx
 .text.RAILINT_ba62dd308ed15b1ffe7bd5b874af6d40
                0x00004060       0x1c C:/Users/progi/SimplicityStudio/SDKs/gecko_sdk//platform/radio/rail_lib/autogen/librail_release/librail_efr32xg21_gcc_release.a(rail_rf.o)
 .text.RAILINT_0ca222f7a680788c307a2bad1be33ff3
                0x0000407c       0x4c C:/Users/progi/SimplicityStudio/SDKs/gecko_sdk//platform/radio/rail_lib/autogen/librail_release/librail_efr32xg21_gcc_release.a(rail_rf.o)
                0x0000407c                RAILINT_0ca222f7a680788c307a2bad1be33ff3
 .text.RAILINT_b352de1fdb1fc52c04c6a0cd55987236
                0x000040c8       0x4c C:/Users/progi/SimplicityStudio/SDKs/gecko_sdk//platform/radio/rail_lib/autogen/librail_release/librail_efr32xg21_gcc_release.a(rail_rf.o)
                0x000040c8                RAILINT_b352de1fdb1fc52c04c6a0cd55987236
 .text.RAILINT_ae1c971823300cdc95a697ee27859a7c
                0x00004114       0x24 C:/Users/progi/SimplicityStudio/SDKs/gecko_sdk//platform/radio/rail_lib/autogen/librail_release/librail_efr32xg21_gcc_release.a(rail_rf.o)
                0x00004114                RAILINT_ae1c971823300cdc95a697ee27859a7c
 .text.RAILINT_499a6fa84e713dbcc15223a1179c1579
                0x00004138       0x24 C:/Users/progi/SimplicityStudio/SDKs/gecko_sdk//platform/radio/rail_lib/autogen/librail_release/librail_efr32xg21_gcc_release.a(rail_rf.o)
                0x00004138                RAILINT_499a6fa84e713dbcc15223a1179c1579
 .text.RAIL_SetStateTiming
                0x0000415c       0x5c C:/Users/progi/SimplicityStudio/SDKs/gecko_sdk//platform/radio/rail_lib/autogen/librail_release/librail_efr32xg21_gcc_release.a(rail_rf.o)
                0x0000415c                RAIL_SetStateTiming
 .text.RAILINT_a414401b72e85e008bc59287e035ef41
                0x000041b8      0x110 C:/Users/progi/SimplicityStudio/SDKs/gecko_sdk//platform/radio/rail_lib/autogen/librail_release/librail_efr32xg21_gcc_release.a(rail_rf.o)
                0x000041b8                RAILINT_a414401b72e85e008bc59287e035ef41
 .text.RAILINT_eff06dff73e0f32be1552c4011c2dec9
                0x000042c8      0x13c C:/Users/progi/SimplicityStudio/SDKs/gecko_sdk//platform/radio/rail_lib/autogen/librail_release/librail_efr32xg21_gcc_release.a(rail_rf.o)
                0x000042c8                RAILINT_eff06dff73e0f32be1552c4011c2dec9
 .text.RAILINT_f6dbb0a8d6338735e61b94958eb4964b
                0x00004404       0x74 C:/Users/progi/SimplicityStudio/SDKs/gecko_sdk//platform/radio/rail_lib/autogen/librail_release/librail_efr32xg21_gcc_release.a(rail_rf.o)
                0x00004404                RAILINT_f6dbb0a8d6338735e61b94958eb4964b
 .text.RAILINT_f0f851116f368bc625e2a9fc0cccaa69
                0x00004478       0x78 C:/Users/progi/SimplicityStudio/SDKs/gecko_sdk//platform/radio/rail_lib/autogen/librail_release/librail_efr32xg21_gcc_release.a(rail_rf.o)
                0x00004478                RAILINT_f0f851116f368bc625e2a9fc0cccaa69
 .text.RAILCb_SetupRxFifo
                0x000044f0       0x34 C:/Users/progi/SimplicityStudio/SDKs/gecko_sdk//platform/radio/rail_lib/autogen/librail_release/librail_efr32xg21_gcc_release.a(rail_data.o)
                0x000044f0                RAILCb_SetupRxFifo
 .text.RAILCb_AssertFailed
                0x00004524       0x14 C:/Users/progi/SimplicityStudio/SDKs/gecko_sdk//platform/radio/rail_lib/autogen/librail_release/librail_efr32xg21_gcc_release.a(rail_assert.o)
                0x00004524                RAILCb_AssertFailed
 .text.RAILINT_205167ae842e22724c3f35c6430eeddb
                0x00004538       0x2c C:/Users/progi/SimplicityStudio/SDKs/gecko_sdk//platform/radio/rail_lib/autogen/librail_release/librail_efr32xg21_gcc_release.a(rail_assert.o)
                0x00004538                RAILINT_205167ae842e22724c3f35c6430eeddb
 .text.RAIL_BLE_ConfigPhy1MbpsViterbi
                0x00004564        0xc C:/Users/progi/SimplicityStudio/SDKs/gecko_sdk//platform/radio/rail_lib/autogen/librail_release/librail_efr32xg21_gcc_release.a(rail_ble.o)
                0x00004564                RAIL_BLE_ConfigPhy1MbpsViterbi
 .text.RAIL_BLE_ConfigPhy2MbpsViterbi
                0x00004570        0xc C:/Users/progi/SimplicityStudio/SDKs/gecko_sdk//platform/radio/rail_lib/autogen/librail_release/librail_efr32xg21_gcc_release.a(rail_ble.o)
                0x00004570                RAIL_BLE_ConfigPhy2MbpsViterbi
 .text.RAILINT_14d09babf27325aeb090aac0c6f24436
                0x0000457c       0x8c C:/Users/progi/SimplicityStudio/SDKs/gecko_sdk//platform/radio/rail_lib/autogen/librail_release/librail_efr32xg21_gcc_release.a(rail_rf_hal.o)
                0x0000457c                RAILINT_14d09babf27325aeb090aac0c6f24436
 .text.RAILINT_57fa2c163b50cc6661e10e0e7662afb8
                0x00004608       0x1c C:/Users/progi/SimplicityStudio/SDKs/gecko_sdk//platform/radio/rail_lib/autogen/librail_release/librail_efr32xg21_gcc_release.a(rail_rf_hal.o)
 .text.RAILINT_cd2294a9b77625e0ea5276bdf2a90514
                0x00004624       0x38 C:/Users/progi/SimplicityStudio/SDKs/gecko_sdk//platform/radio/rail_lib/autogen/librail_release/librail_efr32xg21_gcc_release.a(rail_rf_hal.o)
 .text.RAILINT_02e31caf3f8d0fb9ac9f09c35501b4e4
                0x0000465c       0x2c C:/Users/progi/SimplicityStudio/SDKs/gecko_sdk//platform/radio/rail_lib/autogen/librail_release/librail_efr32xg21_gcc_release.a(rail_rf_hal.o)
                0x0000465c                RAILINT_02e31caf3f8d0fb9ac9f09c35501b4e4
 .text.RAILINT_2c0c7ba0065447faa0ab7205349f5d73
                0x00004688       0xf4 C:/Users/progi/SimplicityStudio/SDKs/gecko_sdk//platform/radio/rail_lib/autogen/librail_release/librail_efr32xg21_gcc_release.a(rail_rf_hal.o)
                0x00004688                RAILINT_2c0c7ba0065447faa0ab7205349f5d73
 .text.RAILINT_2a4da4d01b26a7f90998f094ef0d126c
                0x0000477c       0x84 C:/Users/progi/SimplicityStudio/SDKs/gecko_sdk//platform/radio/rail_lib/autogen/librail_release/librail_efr32xg21_gcc_release.a(rail_rf_hal.o)
                0x0000477c                RAILINT_2a4da4d01b26a7f90998f094ef0d126c
 .text.RAILINT_ee8e30d6c3ef95b8e8dca03da7401c07
                0x00004800       0x20 C:/Users/progi/SimplicityStudio/SDKs/gecko_sdk//platform/radio/rail_lib/autogen/librail_release/librail_efr32xg21_gcc_release.a(rail_rf_hal.o)
                0x00004800                RAILINT_ee8e30d6c3ef95b8e8dca03da7401c07
 .text.RAILINT_4535ca1da65eed991e532282e16caa6e
                0x00004820       0x10 C:/Users/progi/SimplicityStudio/SDKs/gecko_sdk//platform/radio/rail_lib/autogen/librail_release/librail_efr32xg21_gcc_release.a(rail_rf_hal.o)
                0x00004820                RAILINT_4535ca1da65eed991e532282e16caa6e
 .text.RAILINT_4775d80a8fe4d9976ce86a6ec19b0158
                0x00004830       0x34 C:/Users/progi/SimplicityStudio/SDKs/gecko_sdk//platform/radio/rail_lib/autogen/librail_release/librail_efr32xg21_gcc_release.a(rail_rf_hal.o)
                0x00004830                RAILINT_4775d80a8fe4d9976ce86a6ec19b0158
 .text.RAILINT_788b3657c509a8fc304f09cc58d808a3
                0x00004864        0xc C:/Users/progi/SimplicityStudio/SDKs/gecko_sdk//platform/radio/rail_lib/autogen/librail_release/librail_efr32xg21_gcc_release.a(rail_rf_hal.o)
                0x00004864                RAILINT_788b3657c509a8fc304f09cc58d808a3
 .text.RAILINT_afeea334a0413e3fba4d9024b9c8696e
                0x00004870        0xc C:/Users/progi/SimplicityStudio/SDKs/gecko_sdk//platform/radio/rail_lib/autogen/librail_release/librail_efr32xg21_gcc_release.a(rail_rf_hal.o)
                0x00004870                RAILINT_afeea334a0413e3fba4d9024b9c8696e
 .text.RAILINT_99f0e717b1ae5f07aeace88464176fa9
                0x0000487c       0xc8 C:/Users/progi/SimplicityStudio/SDKs/gecko_sdk//platform/radio/rail_lib/autogen/librail_release/librail_efr32xg21_gcc_release.a(rail_rf_hal.o)
                0x0000487c                RAILINT_99f0e717b1ae5f07aeace88464176fa9
 .text.RAILINT_0d8f3fe7fd5ea4a113463fb6490feb41
                0x00004944       0x48 C:/Users/progi/SimplicityStudio/SDKs/gecko_sdk//platform/radio/rail_lib/autogen/librail_release/librail_efr32xg21_gcc_release.a(rail_rf_hal.o)
                0x00004944                RAILINT_0d8f3fe7fd5ea4a113463fb6490feb41
 .text.RAILINT_d02596bebc40577addedcb0f3fcccabb
                0x0000498c       0x7c C:/Users/progi/SimplicityStudio/SDKs/gecko_sdk//platform/radio/rail_lib/autogen/librail_release/librail_efr32xg21_gcc_release.a(rail_rf_hal.o)
                0x0000498c                RAILINT_d02596bebc40577addedcb0f3fcccabb
 .text.RAILINT_3339c86656af5bd3809fcaff6decfb50
                0x00004a08       0x2c C:/Users/progi/SimplicityStudio/SDKs/gecko_sdk//platform/radio/rail_lib/autogen/librail_release/librail_efr32xg21_gcc_release.a(rail_rf_hal.o)
                0x00004a08                RAILINT_3339c86656af5bd3809fcaff6decfb50
 .text.RAILINT_c1ee6010aaf86bbd071153c63f21d1bb
                0x00004a34      0x150 C:/Users/progi/SimplicityStudio/SDKs/gecko_sdk//platform/radio/rail_lib/autogen/librail_release/librail_efr32xg21_gcc_release.a(rail_rf_hal.o)
                0x00004a34                RAILINT_c1ee6010aaf86bbd071153c63f21d1bb
 .text.RAILINT_7513d8eab2e711e2387c527c09895f59
                0x00004b84        0xc C:/Users/progi/SimplicityStudio/SDKs/gecko_sdk//platform/radio/rail_lib/autogen/librail_release/librail_efr32xg21_gcc_release.a(rail_rf_hal.o)
                0x00004b84                RAILINT_7513d8eab2e711e2387c527c09895f59
 .text.RAILINT_fd62944279593a99af34baf33f1f64a3
                0x00004b90        0xc C:/Users/progi/SimplicityStudio/SDKs/gecko_sdk//platform/radio/rail_lib/autogen/librail_release/librail_efr32xg21_gcc_release.a(rail_rf_hal.o)
                0x00004b90                RAILINT_fd62944279593a99af34baf33f1f64a3
 .text.RAILINT_83a3874c81bc5511d0e4d7f8af307385
                0x00004b9c       0x34 C:/Users/progi/SimplicityStudio/SDKs/gecko_sdk//platform/radio/rail_lib/autogen/librail_release/librail_efr32xg21_gcc_release.a(rail_rf_hal.o)
 .text.RAILINT_c232eb9695d8ec51969199511f1ffdbc
                0x00004bd0       0x6c C:/Users/progi/SimplicityStudio/SDKs/gecko_sdk//platform/radio/rail_lib/autogen/librail_release/librail_efr32xg21_gcc_release.a(rail_rf_hal.o)
                0x00004bd0                RAILINT_c232eb9695d8ec51969199511f1ffdbc
 .text.RAILINT_7bc23e10f52e56d9fc3392da3f1c2215
                0x00004c3c       0x6c C:/Users/progi/SimplicityStudio/SDKs/gecko_sdk//platform/radio/rail_lib/autogen/librail_release/librail_efr32xg21_gcc_release.a(rail_rf_hal.o)
                0x00004c3c                RAILINT_7bc23e10f52e56d9fc3392da3f1c2215
 .text.RAILINT_0d03c198f5f2a0e358f87f76b3e7eaa4
                0x00004ca8       0xd4 C:/Users/progi/SimplicityStudio/SDKs/gecko_sdk//platform/radio/rail_lib/autogen/librail_release/librail_efr32xg21_gcc_release.a(rail_rf_hal.o)
                0x00004ca8                RAILINT_0d03c198f5f2a0e358f87f76b3e7eaa4
 .text.RAILINT_cd62b828417e3475c6b58e9a311685cc
                0x00004d7c       0x64 C:/Users/progi/SimplicityStudio/SDKs/gecko_sdk//platform/radio/rail_lib/autogen/librail_release/librail_efr32xg21_gcc_release.a(rail_rf_hal.o)
                0x00004d7c                RAILINT_cd62b828417e3475c6b58e9a311685cc
 .text.RAILINT_63a89db964f651a01db7d72312883c55
                0x00004de0       0x98 C:/Users/progi/SimplicityStudio/SDKs/gecko_sdk//platform/radio/rail_lib/autogen/librail_release/librail_efr32xg21_gcc_release.a(rail_rf_hal.o)
                0x00004de0                RAILINT_63a89db964f651a01db7d72312883c55
 .text.RAILINT_b693f7d424389daf06cac15e5c7b8047
                0x00004e78      0x1c0 C:/Users/progi/SimplicityStudio/SDKs/gecko_sdk//platform/radio/rail_lib/autogen/librail_release/librail_efr32xg21_gcc_release.a(rail_rf_hal.o)
                0x00004e78                RAILINT_b693f7d424389daf06cac15e5c7b8047
 .text.RAILINT_18104a34964ca0d3ba75ee91576752d7
                0x00005038       0x68 C:/Users/progi/SimplicityStudio/SDKs/gecko_sdk//platform/radio/rail_lib/autogen/librail_release/librail_efr32xg21_gcc_release.a(rail_rf_hal.o)
                0x00005038                RAILINT_18104a34964ca0d3ba75ee91576752d7
 .text.RAILINT_e331ba91c2ae1705d8ddbb0caff1d0a5
                0x000050a0      0x1e0 C:/Users/progi/SimplicityStudio/SDKs/gecko_sdk//platform/radio/rail_lib/autogen/librail_release/librail_efr32xg21_gcc_release.a(rail_rf_hal.o)
                0x000050a0                RAILINT_e331ba91c2ae1705d8ddbb0caff1d0a5
 .text.RAILINT_e972c5fa8a62807acfd8c241e9b06251
                0x00005280       0x40 C:/Users/progi/SimplicityStudio/SDKs/gecko_sdk//platform/radio/rail_lib/autogen/librail_release/librail_efr32xg21_gcc_release.a(rail_rf_hal.o)
                0x00005280                RAILINT_e972c5fa8a62807acfd8c241e9b06251
 .text.RAILINT_c499db9217aa8f8b3058013884e8e4d2
                0x000052c0       0x18 C:/Users/progi/SimplicityStudio/SDKs/gecko_sdk//platform/radio/rail_lib/autogen/librail_release/librail_efr32xg21_gcc_release.a(rail_rf_hal.o)
                0x000052c0                RAILINT_c499db9217aa8f8b3058013884e8e4d2
 .text.RAILINT_44f844fe44efb07ef80df95a956dc879
                0x000052d8      0x104 C:/Users/progi/SimplicityStudio/SDKs/gecko_sdk//platform/radio/rail_lib/autogen/librail_release/librail_efr32xg21_gcc_release.a(rail_rf_hal.o)
                0x000052d8                RAILINT_44f844fe44efb07ef80df95a956dc879
 .text.RAILINT_c95e9d4ad5fb39bdcaabe1c820867429
                0x000053dc       0x10 C:/Users/progi/SimplicityStudio/SDKs/gecko_sdk//platform/radio/rail_lib/autogen/librail_release/librail_efr32xg21_gcc_release.a(rail_rf_hal.o)
                0x000053dc                RAILINT_c95e9d4ad5fb39bdcaabe1c820867429
 .text.RAILINT_f70cad743ef3526a2ef7ac090e6c385a
                0x000053ec       0xa0 C:/Users/progi/SimplicityStudio/SDKs/gecko_sdk//platform/radio/rail_lib/autogen/librail_release/librail_efr32xg21_gcc_release.a(rail_rf_hal.o)
                0x000053ec                RAILINT_f70cad743ef3526a2ef7ac090e6c385a
 .text.RAILINT_232a85da35fb8aa0cd28c39542df9730
                0x0000548c       0xc0 C:/Users/progi/SimplicityStudio/SDKs/gecko_sdk//platform/radio/rail_lib/autogen/librail_release/librail_efr32xg21_gcc_release.a(rail_rf_hal.o)
                0x0000548c                RAILINT_232a85da35fb8aa0cd28c39542df9730
 .text.RAILINT_3209015e469febd3aebf12c10b838c78
                0x0000554c       0x40 C:/Users/progi/SimplicityStudio/SDKs/gecko_sdk//platform/radio/rail_lib/autogen/librail_release/librail_efr32xg21_gcc_release.a(rail_rf_hal.o)
                0x0000554c                RAILINT_3209015e469febd3aebf12c10b838c78
 .text.RAILINT_3d0930b0b28334e352a161a5b4a4cb94
                0x0000558c      0x20c C:/Users/progi/SimplicityStudio/SDKs/gecko_sdk//platform/radio/rail_lib/autogen/librail_release/librail_efr32xg21_gcc_release.a(rail_rf_hal.o)
 .text.RAILINT_3e587e95c937431090ed1e304e004f0f
                0x00005798       0x38 C:/Users/progi/SimplicityStudio/SDKs/gecko_sdk//platform/radio/rail_lib/autogen/librail_release/librail_efr32xg21_gcc_release.a(rail_rf_hal.o)
                0x00005798                RAILINT_3e587e95c937431090ed1e304e004f0f
 .text.RAILINT_1debf3979df3644830aae43bd0f04ec3
                0x000057d0       0x18 C:/Users/progi/SimplicityStudio/SDKs/gecko_sdk//platform/radio/rail_lib/autogen/librail_release/librail_efr32xg21_gcc_release.a(rail_rf_hal.o)
                0x000057d0                RAILINT_1debf3979df3644830aae43bd0f04ec3
 .text.RAILINT_3bff6dfc0590d5c54bb0576abaeb38dd
                0x000057e8       0x10 C:/Users/progi/SimplicityStudio/SDKs/gecko_sdk//platform/radio/rail_lib/autogen/librail_release/librail_efr32xg21_gcc_release.a(rail_rf_hal.o)
                0x000057e8                RAILINT_3bff6dfc0590d5c54bb0576abaeb38dd
 .text.RAILINT_d5c561967c8678d8cf4a7459dd1fb13f
                0x000057f8       0x10 C:/Users/progi/SimplicityStudio/SDKs/gecko_sdk//platform/radio/rail_lib/autogen/librail_release/librail_efr32xg21_gcc_release.a(rail_rf_hal.o)
                0x000057f8                RAILINT_d5c561967c8678d8cf4a7459dd1fb13f
 .text.RAILINT_a4b57b9485a34098ab089f4c182a3c25
                0x00005808       0x48 C:/Users/progi/SimplicityStudio/SDKs/gecko_sdk//platform/radio/rail_lib/autogen/librail_release/librail_efr32xg21_gcc_release.a(rfhal_rac.o)
                0x00005808                RAILINT_a4b57b9485a34098ab089f4c182a3c25
 .text.RAILINT_18d623885a7822cbda696ea8d328c784
                0x00005850       0x2c C:/Users/progi/SimplicityStudio/SDKs/gecko_sdk//platform/radio/rail_lib/autogen/librail_release/librail_efr32xg21_gcc_release.a(rfhal_rac.o)
                0x00005850                RAILINT_18d623885a7822cbda696ea8d328c784
 .text.RAILINT_4bcf13a8aca9daa76feae0225ecd6008
                0x0000587c       0x38 C:/Users/progi/SimplicityStudio/SDKs/gecko_sdk//platform/radio/rail_lib/autogen/librail_release/librail_efr32xg21_gcc_release.a(rfhal_rac.o)
                0x0000587c                RAILINT_4bcf13a8aca9daa76feae0225ecd6008
 .text.RAILINT_f3943c2e36906a503d93e1ea68d18ac2
                0x000058b4       0x10 C:/Users/progi/SimplicityStudio/SDKs/gecko_sdk//platform/radio/rail_lib/autogen/librail_release/librail_efr32xg21_gcc_release.a(rail_ieee802154_rf_hal.o)
                0x000058b4                RAILINT_f3943c2e36906a503d93e1ea68d18ac2
 .text.RAILINT_e5d70455f7278c7165877ad98724511c
                0x000058c4       0x10 C:/Users/progi/SimplicityStudio/SDKs/gecko_sdk//platform/radio/rail_lib/autogen/librail_release/librail_efr32xg21_gcc_release.a(rail_ieee802154_rf_hal.o)
                0x000058c4                RAILINT_e5d70455f7278c7165877ad98724511c
 .text.RAILINT_1d08726518e011fa443ccb2c167c277f
                0x000058d4       0x74 C:/Users/progi/SimplicityStudio/SDKs/gecko_sdk//platform/radio/rail_lib/autogen/librail_release/librail_efr32xg21_gcc_release.a(rail_ble_rf_hal.o)
 .text.RAILINT_11a8189731038671bfaf60a175e91be6
                0x00005948       0x68 C:/Users/progi/SimplicityStudio/SDKs/gecko_sdk//platform/radio/rail_lib/autogen/librail_release/librail_efr32xg21_gcc_release.a(rail_ble_rf_hal.o)
 .text.RAILINT_4ba0fcf40ef9ac3b03e591eab1bfcbb7
                0x000059b0       0x5c C:/Users/progi/SimplicityStudio/SDKs/gecko_sdk//platform/radio/rail_lib/autogen/librail_release/librail_efr32xg21_gcc_release.a(rail_ble_rf_hal.o)
                0x000059b0                RAILINT_4ba0fcf40ef9ac3b03e591eab1bfcbb7
 .text.RAILINT_6bad1785a3589015506e2c42f8453d99
                0x00005a0c       0x2c C:/Users/progi/SimplicityStudio/SDKs/gecko_sdk//platform/radio/rail_lib/autogen/librail_release/librail_efr32xg21_gcc_release.a(rail_ble_rf_hal.o)
                0x00005a0c                RAILINT_6bad1785a3589015506e2c42f8453d99
 .text.RAILINT_5f35beb025c47a589aa3ed9bbfc5d0b9
                0x00005a38       0x2c C:/Users/progi/SimplicityStudio/SDKs/gecko_sdk//platform/radio/rail_lib/autogen/librail_release/librail_efr32xg21_gcc_release.a(rail_ble_rf_hal.o)
                0x00005a38                RAILINT_5f35beb025c47a589aa3ed9bbfc5d0b9
 .text.RAILINT_8447a86bc2b76b852231aee5b7038295
                0x00005a64       0x74 C:/Users/progi/SimplicityStudio/SDKs/gecko_sdk//platform/radio/rail_lib/autogen/librail_release/librail_efr32xg21_gcc_release.a(rail_ble_rf_hal.o)
                0x00005a64                RAILINT_8447a86bc2b76b852231aee5b7038295
 .text.RAILINT_0bcb1021b5498dd413e6ef14dfa2e24a
                0x00005ad8       0x5c C:/Users/progi/SimplicityStudio/SDKs/gecko_sdk//platform/radio/rail_lib/autogen/librail_release/librail_efr32xg21_gcc_release.a(rail_ble_rf_hal.o)
                0x00005ad8                RAILINT_0bcb1021b5498dd413e6ef14dfa2e24a
 .text.RAILINT_a779509c3ccfe3314b466cbc2527e4c8
                0x00005b34       0x40 C:/Users/progi/SimplicityStudio/SDKs/gecko_sdk//platform/radio/rail_lib/autogen/librail_release/librail_efr32xg21_gcc_release.a(rfhal_ircal.o)
                0x00005b34                RAILINT_a779509c3ccfe3314b466cbc2527e4c8
 .text.RAILINT_180789e54523ec093dde33f764dd8f42
                0x00005b74       0x50 C:/Users/progi/SimplicityStudio/SDKs/gecko_sdk//platform/radio/rail_lib/autogen/librail_release/librail_efr32xg21_gcc_release.a(rfhal_ircal.o)
                0x00005b74                RAILINT_180789e54523ec093dde33f764dd8f42
 .text.RAILINT_7c4474e9c252fd93501bbf7d6298f3d3
                0x00005bc4       0x48 C:/Users/progi/SimplicityStudio/SDKs/gecko_sdk//platform/radio/rail_lib/autogen/librail_release/librail_efr32xg21_gcc_release.a(rfhal_antenna.o)
                0x00005bc4                RAILINT_7c4474e9c252fd93501bbf7d6298f3d3
 .text.RAILINT_42ba343910883753b346a02b0f77ef3e
                0x00005c0c        0xc C:/Users/progi/SimplicityStudio/SDKs/gecko_sdk//platform/radio/rail_lib/autogen/librail_release/librail_efr32xg21_gcc_release.a(rfhal_antenna.o)
                0x00005c0c                RAILINT_42ba343910883753b346a02b0f77ef3e
 .text.RAILINT_893fd72dfcf6ebbe2598a01d375fa2c0
                0x00005c18       0x54 C:/Users/progi/SimplicityStudio/SDKs/gecko_sdk//platform/radio/rail_lib/autogen/librail_release/librail_efr32xg21_gcc_release.a(rfhal_bufc.o)
 .text.RAILINT_86983bfebc3fcf81f3ab3444e4625a88
                0x00005c6c       0x40 C:/Users/progi/SimplicityStudio/SDKs/gecko_sdk//platform/radio/rail_lib/autogen/librail_release/librail_efr32xg21_gcc_release.a(rfhal_bufc.o)
                0x00005c6c                RAILINT_86983bfebc3fcf81f3ab3444e4625a88
 .text.RAILINT_cdbd2ef4368f95ff8e91482f629bd134
                0x00005cac       0x20 C:/Users/progi/SimplicityStudio/SDKs/gecko_sdk//platform/radio/rail_lib/autogen/librail_release/librail_efr32xg21_gcc_release.a(rfhal_bufc.o)
                0x00005cac                RAILINT_cdbd2ef4368f95ff8e91482f629bd134
 .text.RAILINT_d098fb7ee08dc8d454a1df118de69bc4
                0x00005ccc       0xac C:/Users/progi/SimplicityStudio/SDKs/gecko_sdk//platform/radio/rail_lib/autogen/librail_release/librail_efr32xg21_gcc_release.a(rfhal_bufc.o)
                0x00005ccc                RAILINT_d098fb7ee08dc8d454a1df118de69bc4
 .text.RAILINT_53ead1b019a1cdfd0829dbc64825eeac
                0x00005d78       0x50 C:/Users/progi/SimplicityStudio/SDKs/gecko_sdk//platform/radio/rail_lib/autogen/librail_release/librail_efr32xg21_gcc_release.a(rfhal_bufc.o)
                0x00005d78                RAILINT_53ead1b019a1cdfd0829dbc64825eeac
 .text.RAILINT_6281eecc9c4ea6e1ecc523be2e1d48d2
                0x00005dc8       0x8c C:/Users/progi/SimplicityStudio/SDKs/gecko_sdk//platform/radio/rail_lib/autogen/librail_release/librail_efr32xg21_gcc_release.a(rfhal_bufc.o)
                0x00005dc8                RAILINT_6281eecc9c4ea6e1ecc523be2e1d48d2
 .text.RAILINT_32732aa1d78833fa65026efd536f2c3e
                0x00005e54       0x48 C:/Users/progi/SimplicityStudio/SDKs/gecko_sdk//platform/radio/rail_lib/autogen/librail_release/librail_efr32xg21_gcc_release.a(rfhal_bufc.o)
                0x00005e54                RAILINT_32732aa1d78833fa65026efd536f2c3e
 .text.RAILINT_f921a6fdde390c986016ab0c8bf49fae
                0x00005e9c      0x12c C:/Users/progi/SimplicityStudio/SDKs/gecko_sdk//platform/radio/rail_lib/autogen/librail_release/librail_efr32xg21_gcc_release.a(rfhal_bufc.o)
                0x00005e9c                RAILINT_f921a6fdde390c986016ab0c8bf49fae
 .text.RAILINT_0906929bba6a17fd8a9605e65064a9f4
                0x00005fc8       0x6c C:/Users/progi/SimplicityStudio/SDKs/gecko_sdk//platform/radio/rail_lib/autogen/librail_release/librail_efr32xg21_gcc_release.a(rfhal_bufc.o)
                0x00005fc8                RAILINT_0906929bba6a17fd8a9605e65064a9f4
 .text.RAILINT_31258cb71f8a6b9069347d576bc679f0
                0x00006034       0x1c C:/Users/progi/SimplicityStudio/SDKs/gecko_sdk//platform/radio/rail_lib/autogen/librail_release/librail_efr32xg21_gcc_release.a(rfhal_bufc.o)
                0x00006034                RAILINT_31258cb71f8a6b9069347d576bc679f0
 .text.RAILINT_6e9511005f24d0489b4328a9cd887def
                0x00006050       0x30 C:/Users/progi/SimplicityStudio/SDKs/gecko_sdk//platform/radio/rail_lib/autogen/librail_release/librail_efr32xg21_gcc_release.a(rfhal_bufc.o)
                0x00006050                RAILINT_6e9511005f24d0489b4328a9cd887def
 .text.RAILINT_052f8b2565813079f19c931bac48db51
                0x00006080      0x16c C:/Users/progi/SimplicityStudio/SDKs/gecko_sdk//platform/radio/rail_lib/autogen/librail_release/librail_efr32xg21_gcc_release.a(rfhal_bufc.o)
                0x00006080                RAILINT_052f8b2565813079f19c931bac48db51
 .text.RAILINT_37dcaf6b67da0fa3f13a9cf3e2b6a0ca
                0x000061ec       0x1c C:/Users/progi/SimplicityStudio/SDKs/gecko_sdk//platform/radio/rail_lib/autogen/librail_release/librail_efr32xg21_gcc_release.a(rfhal_module.o)
                0x000061ec                RAILINT_37dcaf6b67da0fa3f13a9cf3e2b6a0ca
 .text.RAILINT_d97df08374c84c99eaca0209dbaa0a6f
                0x00006208       0x2c C:/Users/progi/SimplicityStudio/SDKs/gecko_sdk//platform/radio/rail_lib/autogen/librail_release/librail_efr32xg21_gcc_release.a(rfhal_pa.o)
 .text.RAILINT_d02e9193b5499c36649d7b9e8d9ae14a
                0x00006234       0x74 C:/Users/progi/SimplicityStudio/SDKs/gecko_sdk//platform/radio/rail_lib/autogen/librail_release/librail_efr32xg21_gcc_release.a(rfhal_pa.o)
 .text.RAILINT_5eae5b33728fa998af27aab462a94cc2
                0x000062a8      0x194 C:/Users/progi/SimplicityStudio/SDKs/gecko_sdk//platform/radio/rail_lib/autogen/librail_release/librail_efr32xg21_gcc_release.a(rfhal_pa.o)
                0x000062a8                RAILINT_5eae5b33728fa998af27aab462a94cc2
 .text.RAILINT_5b690911fb63c8ed3939b23ea6b3c04d
                0x0000643c       0x14 C:/Users/progi/SimplicityStudio/SDKs/gecko_sdk//platform/radio/rail_lib/autogen/librail_release/librail_efr32xg21_gcc_release.a(rfhal_pa.o)
                0x0000643c                RAILINT_5b690911fb63c8ed3939b23ea6b3c04d
 .text.RAILINT_0a4e93b519ac593c17e9cf2bca4c4cf3
                0x00006450       0x38 C:/Users/progi/SimplicityStudio/SDKs/gecko_sdk//platform/radio/rail_lib/autogen/librail_release/librail_efr32xg21_gcc_release.a(rfhal_pa.o)
                0x00006450                RAILINT_0a4e93b519ac593c17e9cf2bca4c4cf3
 .text.RAILINT_538e671f17d827f5e8fbb6213721d612
                0x00006488       0x84 C:/Users/progi/SimplicityStudio/SDKs/gecko_sdk//platform/radio/rail_lib/autogen/librail_release/librail_efr32xg21_gcc_release.a(rfhal_pa.o)
                0x00006488                RAILINT_538e671f17d827f5e8fbb6213721d612
 .text.RAILINT_1040bf941e847cb582a86b6ad519d354
                0x0000650c       0x28 C:/Users/progi/SimplicityStudio/SDKs/gecko_sdk//platform/radio/rail_lib/autogen/librail_release/librail_efr32xg21_gcc_release.a(rfhal_pa.o)
                0x0000650c                RAILINT_1040bf941e847cb582a86b6ad519d354
 .text.RAILINT_0253fd9ac1e21acdc9ffa6ba468555a5
                0x00006534      0x124 C:/Users/progi/SimplicityStudio/SDKs/gecko_sdk//platform/radio/rail_lib/autogen/librail_release/librail_efr32xg21_gcc_release.a(rfhal_pa.o)
                0x00006534                RAILINT_0253fd9ac1e21acdc9ffa6ba468555a5
 .text.RAILINT_08c8419aa71adfff4194c3a91186dc0b
                0x00006658       0xbc C:/Users/progi/SimplicityStudio/SDKs/gecko_sdk//platform/radio/rail_lib/autogen/librail_release/librail_efr32xg21_gcc_release.a(rfhal_pa.o)
                0x00006658                RAILINT_08c8419aa71adfff4194c3a91186dc0b
 .text.RAILINT_692f9e407ff0da6bb4b5f2aa1969c134
                0x00006714      0x26c C:/Users/progi/SimplicityStudio/SDKs/gecko_sdk//platform/radio/rail_lib/autogen/librail_release/librail_efr32xg21_gcc_release.a(rfhal_pa.o)
                0x00006714                RAILINT_692f9e407ff0da6bb4b5f2aa1969c134
 .text.RAILINT_fdb72a38ba19fe991e9d245e317c2d16
                0x00006980        0xc C:/Users/progi/SimplicityStudio/SDKs/gecko_sdk//platform/radio/rail_lib/autogen/librail_release/librail_efr32xg21_gcc_release.a(rfhal_pa.o)
                0x00006980                RAILINT_fdb72a38ba19fe991e9d245e317c2d16
 .text.RAILINT_72ff69444642d56e9a45aed09ca05444
                0x0000698c       0x84 C:/Users/progi/SimplicityStudio/SDKs/gecko_sdk//platform/radio/rail_lib/autogen/librail_release/librail_efr32xg21_gcc_release.a(rfhal_pti.o)
 .text.RAILINT_c36d58880426266e9a928d6ac9ae9371
                0x00006a10      0x128 C:/Users/progi/SimplicityStudio/SDKs/gecko_sdk//platform/radio/rail_lib/autogen/librail_release/librail_efr32xg21_gcc_release.a(rfhal_pti.o)
                0x00006a10                RAILINT_c36d58880426266e9a928d6ac9ae9371
 .text.PTI_AuxdataOutput
                0x00006b38       0x18 C:/Users/progi/SimplicityStudio/SDKs/gecko_sdk//platform/radio/rail_lib/autogen/librail_release/librail_efr32xg21_gcc_release.a(rfhal_pti.o)
                0x00006b38                PTI_AuxdataOutput
 .text.RAILINT_f54fc581018404e27eb6209945094fb1
                0x00006b50       0x30 C:/Users/progi/SimplicityStudio/SDKs/gecko_sdk//platform/radio/rail_lib/autogen/librail_release/librail_efr32xg21_gcc_release.a(rfhal_pti.o)
                0x00006b50                RAILINT_f54fc581018404e27eb6209945094fb1
 .text.RAILINT_a2bb09bbf0f5a66273c06b6551b0acd9
                0x00006b80       0xdc C:/Users/progi/SimplicityStudio/SDKs/gecko_sdk//platform/radio/rail_lib/autogen/librail_release/librail_efr32xg21_gcc_release.a(rfhal_protimer.o)
                0x00006b80                RAILINT_a2bb09bbf0f5a66273c06b6551b0acd9
 .text.RAILINT_2867cf1f7327fd002fccf5d8ded311be
                0x00006c5c       0x1c C:/Users/progi/SimplicityStudio/SDKs/gecko_sdk//platform/radio/rail_lib/autogen/librail_release/librail_efr32xg21_gcc_release.a(rfhal_protimer.o)
                0x00006c5c                RAILINT_2867cf1f7327fd002fccf5d8ded311be
 .text.RAILINT_4f93cdd7aecf168775f2a95c9141aec8
                0x00006c78       0x3c C:/Users/progi/SimplicityStudio/SDKs/gecko_sdk//platform/radio/rail_lib/autogen/librail_release/librail_efr32xg21_gcc_release.a(rfhal_protimer.o)
                0x00006c78                RAILINT_4f93cdd7aecf168775f2a95c9141aec8
 .text.RAILINT_30b95b9e98ec0997b2a8f05421916f4a
                0x00006cb4      0x1fc C:/Users/progi/SimplicityStudio/SDKs/gecko_sdk//platform/radio/rail_lib/autogen/librail_release/librail_efr32xg21_gcc_release.a(rfhal_protimer.o)
                0x00006cb4                RAILINT_30b95b9e98ec0997b2a8f05421916f4a
 .text.RAILINT_bda0c15173302986042c4866e7e8cb7e
                0x00006eb0       0x14 C:/Users/progi/SimplicityStudio/SDKs/gecko_sdk//platform/radio/rail_lib/autogen/librail_release/librail_efr32xg21_gcc_release.a(rfhal_protimer.o)
                0x00006eb0                RAILINT_bda0c15173302986042c4866e7e8cb7e
 .text.RAILINT_6fba69fb8464276fb40686c982612f36
                0x00006ec4       0x18 C:/Users/progi/SimplicityStudio/SDKs/gecko_sdk//platform/radio/rail_lib/autogen/librail_release/librail_efr32xg21_gcc_release.a(rfhal_protimer.o)
                0x00006ec4                RAILINT_6fba69fb8464276fb40686c982612f36
 .text.RAILINT_c51be8ee5a1368e218ec48a993030c0a
                0x00006edc       0x30 C:/Users/progi/SimplicityStudio/SDKs/gecko_sdk//platform/radio/rail_lib/autogen/librail_release/librail_efr32xg21_gcc_release.a(rfhal_protimer.o)
                0x00006edc                RAILINT_c51be8ee5a1368e218ec48a993030c0a
 .text.RAILINT_91acd8a0b3b22b251b18aeabdb4a57f7
                0x00006f0c       0x18 C:/Users/progi/SimplicityStudio/SDKs/gecko_sdk//platform/radio/rail_lib/autogen/librail_release/librail_efr32xg21_gcc_release.a(rfhal_protimer.o)
                0x00006f0c                RAILINT_91acd8a0b3b22b251b18aeabdb4a57f7
 .text.RAILINT_3d752c35229134eb0acd91db488d7c4c
                0x00006f24       0x24 C:/Users/progi/SimplicityStudio/SDKs/gecko_sdk//platform/radio/rail_lib/autogen/librail_release/librail_efr32xg21_gcc_release.a(rfhal_protimer.o)
                0x00006f24                RAILINT_3d752c35229134eb0acd91db488d7c4c
 .text.RAILINT_91df45e96a2874f76867d6f26ae534a0
                0x00006f48       0x40 C:/Users/progi/SimplicityStudio/SDKs/gecko_sdk//platform/radio/rail_lib/autogen/librail_release/librail_efr32xg21_gcc_release.a(rfhal_protimer.o)
                0x00006f48                RAILINT_91df45e96a2874f76867d6f26ae534a0
 .text.RAILINT_7eef505a2ab2bf9ba8257b9a73e538f4
                0x00006f88       0x24 C:/Users/progi/SimplicityStudio/SDKs/gecko_sdk//platform/radio/rail_lib/autogen/librail_release/librail_efr32xg21_gcc_release.a(rfhal_radio.o)
 .text.RAILINT_2e07a6872d92c4b3e3c2fd6af0b0470f
                0x00006fac       0x84 C:/Users/progi/SimplicityStudio/SDKs/gecko_sdk//platform/radio/rail_lib/autogen/librail_release/librail_efr32xg21_gcc_release.a(rfhal_radio.o)
 .text.RAILINT_2d55024751d647dfef36f5f548d0f2cb
                0x00007030       0x7c C:/Users/progi/SimplicityStudio/SDKs/gecko_sdk//platform/radio/rail_lib/autogen/librail_release/librail_efr32xg21_gcc_release.a(rfhal_radio.o)
                0x00007030                RAILINT_2d55024751d647dfef36f5f548d0f2cb
 .text.RAILINT_0a958662e0f9b48ba3742030a3e4e70c
                0x000070ac       0x54 C:/Users/progi/SimplicityStudio/SDKs/gecko_sdk//platform/radio/rail_lib/autogen/librail_release/librail_efr32xg21_gcc_release.a(rfhal_radio.o)
                0x000070ac                RAILINT_0a958662e0f9b48ba3742030a3e4e70c
 .text.RAILINT_ff78d9bb4bfe772063473783474f9dc5
                0x00007100       0x54 C:/Users/progi/SimplicityStudio/SDKs/gecko_sdk//platform/radio/rail_lib/autogen/librail_release/librail_efr32xg21_gcc_release.a(rfhal_radio.o)
                0x00007100                RAILINT_ff78d9bb4bfe772063473783474f9dc5
 .text.RAILINT_83b3e2e99c8f4d3fd0b62943447c7cff
                0x00007154       0x4c C:/Users/progi/SimplicityStudio/SDKs/gecko_sdk//platform/radio/rail_lib/autogen/librail_release/librail_efr32xg21_gcc_release.a(rfhal_radio.o)
                0x00007154                RAILINT_83b3e2e99c8f4d3fd0b62943447c7cff
 .text.RAILINT_0db83bf7a6ec6ad175f2b3bb6bb8465a
                0x000071a0      0x100 C:/Users/progi/SimplicityStudio/SDKs/gecko_sdk//platform/radio/rail_lib/autogen/librail_release/librail_efr32xg21_gcc_release.a(rfhal_radio.o)
                0x000071a0                RAILINT_0db83bf7a6ec6ad175f2b3bb6bb8465a
 .text.RAILINT_171f424fc160b143d72e8b724c33f1c6
                0x000072a0       0x6c C:/Users/progi/SimplicityStudio/SDKs/gecko_sdk//platform/radio/rail_lib/autogen/librail_release/librail_efr32xg21_gcc_release.a(rfhal_radio.o)
                0x000072a0                RAILINT_171f424fc160b143d72e8b724c33f1c6
 .text.RAILINT_cd65c06e3b1af867d6257be45870f13b
                0x0000730c      0x104 C:/Users/progi/SimplicityStudio/SDKs/gecko_sdk//platform/radio/rail_lib/autogen/librail_release/librail_efr32xg21_gcc_release.a(rfhal_radio.o)
                0x0000730c                RAILINT_cd65c06e3b1af867d6257be45870f13b
 .text.RAILINT_f9e5228e0d9c01913b590cb22fe86427
                0x00007410        0xc C:/Users/progi/SimplicityStudio/SDKs/gecko_sdk//platform/radio/rail_lib/autogen/librail_release/librail_efr32xg21_gcc_release.a(rfhal_radio.o)
                0x00007410                RAILINT_f9e5228e0d9c01913b590cb22fe86427
 .text.RAILINT_0fcb2d75494993f121b931b03a54c62c
                0x0000741c        0xc C:/Users/progi/SimplicityStudio/SDKs/gecko_sdk//platform/radio/rail_lib/autogen/librail_release/librail_efr32xg21_gcc_release.a(rfhal_radio.o)
                0x0000741c                RAILINT_0fcb2d75494993f121b931b03a54c62c
 .text.RAILINT_d8be8114d0438e8c4744d07fb3afceb2
                0x00007428        0xc C:/Users/progi/SimplicityStudio/SDKs/gecko_sdk//platform/radio/rail_lib/autogen/librail_release/librail_efr32xg21_gcc_release.a(rfhal_radio.o)
                0x00007428                RAILINT_d8be8114d0438e8c4744d07fb3afceb2
 .text.RAILINT_107f383da9004c7c039de184830a3649
                0x00007434        0xc C:/Users/progi/SimplicityStudio/SDKs/gecko_sdk//platform/radio/rail_lib/autogen/librail_release/librail_efr32xg21_gcc_release.a(rfhal_radio.o)
                0x00007434                RAILINT_107f383da9004c7c039de184830a3649
 .text.RAILINT_85395b01c0ad26d73deed4fa79fbb56f
                0x00007440       0x3c C:/Users/progi/SimplicityStudio/SDKs/gecko_sdk//platform/radio/rail_lib/autogen/librail_release/librail_efr32xg21_gcc_release.a(rfhal_radio.o)
                0x00007440                RAILINT_85395b01c0ad26d73deed4fa79fbb56f
 .text.RAILINT_98702195dd5df205b66d73f7f1b701b5
                0x0000747c       0x24 C:/Users/progi/SimplicityStudio/SDKs/gecko_sdk//platform/radio/rail_lib/autogen/librail_release/librail_efr32xg21_gcc_release.a(rfhal_radio.o)
                0x0000747c                RAILINT_98702195dd5df205b66d73f7f1b701b5
 .text.RAILINT_1bc89bb9191442fba8e0eefadd7115db
                0x000074a0       0x50 C:/Users/progi/SimplicityStudio/SDKs/gecko_sdk//platform/radio/rail_lib/autogen/librail_release/librail_efr32xg21_gcc_release.a(rfhal_radio.o)
                0x000074a0                RAILINT_1bc89bb9191442fba8e0eefadd7115db
 .text.RAILINT_f653c2a462666f78ad07511adb1c6ca5
                0x000074f0       0xcc C:/Users/progi/SimplicityStudio/SDKs/gecko_sdk//platform/radio/rail_lib/autogen/librail_release/librail_efr32xg21_gcc_release.a(rfhal_radio.o)
                0x000074f0                RAILINT_f653c2a462666f78ad07511adb1c6ca5
 .text.RAILINT_153bf4932643f8f0de1f952f99bc84b0
                0x000075bc       0x10 C:/Users/progi/SimplicityStudio/SDKs/gecko_sdk//platform/radio/rail_lib/autogen/librail_release/librail_efr32xg21_gcc_release.a(rfhal_radio.o)
                0x000075bc                RAILINT_153bf4932643f8f0de1f952f99bc84b0
 .text.RAILINT_12973c63ce9f157526b71bd49da4eecd
                0x000075cc       0x28 C:/Users/progi/SimplicityStudio/SDKs/gecko_sdk//platform/radio/rail_lib/autogen/librail_release/librail_efr32xg21_gcc_release.a(rfhal_radio.o)
                0x000075cc                RAILINT_12973c63ce9f157526b71bd49da4eecd
 .text.RAILINT_1161b5fbd248b16b9006cacb961f2bf2
                0x000075f4       0x34 C:/Users/progi/SimplicityStudio/SDKs/gecko_sdk//platform/radio/rail_lib/autogen/librail_release/librail_efr32xg21_gcc_release.a(rfhal_radio.o)
                0x000075f4                RAILINT_1161b5fbd248b16b9006cacb961f2bf2
 .text.RAILINT_e37c2f8c4e95a72e70099c8f3fa2cfe4
                0x00007628       0x24 C:/Users/progi/SimplicityStudio/SDKs/gecko_sdk//platform/radio/rail_lib/autogen/librail_release/librail_efr32xg21_gcc_release.a(rfhal_rand.o)
                0x00007628                RAILINT_e37c2f8c4e95a72e70099c8f3fa2cfe4
 .text.PRORTC_IRQHandler
                0x0000764c       0x20 C:/Users/progi/SimplicityStudio/SDKs/gecko_sdk//platform/radio/rail_lib/autogen/librail_release/librail_efr32xg21_gcc_release.a(rfhal_rtccsync.o)
                0x0000764c                PRORTC_IRQHandler
 .text.RAILINT_5c0938f59a395e36d23a6c1c32d6c158
                0x0000766c       0xc8 C:/Users/progi/SimplicityStudio/SDKs/gecko_sdk//platform/radio/rail_lib/autogen/librail_release/librail_efr32xg21_gcc_release.a(rfhal_synth.o)
 .text.RAILINT_f26e766b4223f258d2a3acd050099dec
                0x00007734      0x370 C:/Users/progi/SimplicityStudio/SDKs/gecko_sdk//platform/radio/rail_lib/autogen/librail_release/librail_efr32xg21_gcc_release.a(rfhal_synth.o)
                0x00007734                RAILINT_f26e766b4223f258d2a3acd050099dec
 .text.RAILINT_40f50b01b0acf65296da94a1cd4ce85b
                0x00007aa4       0xb4 C:/Users/progi/SimplicityStudio/SDKs/gecko_sdk//platform/radio/rail_lib/autogen/librail_release/librail_efr32xg21_gcc_release.a(rfhal_synth.o)
                0x00007aa4                RAILINT_40f50b01b0acf65296da94a1cd4ce85b
 .text.RAILINT_3654f2a9376e4bdd7e2c364177a94691
                0x00007b58       0x10 C:/Users/progi/SimplicityStudio/SDKs/gecko_sdk//platform/radio/rail_lib/autogen/librail_release/librail_efr32xg21_gcc_release.a(rfhal_synth.o)
                0x00007b58                RAILINT_3654f2a9376e4bdd7e2c364177a94691
 .text.RAILINT_f53ff135c009d31a1baa0dc94b6c28f0
                0x00007b68       0x20 C:/Users/progi/SimplicityStudio/SDKs/gecko_sdk//platform/radio/rail_lib/autogen/librail_release/librail_efr32xg21_gcc_release.a(rfhal_synth.o)
                0x00007b68                RAILINT_f53ff135c009d31a1baa0dc94b6c28f0
 .text.RAILINT_2079853137a39b9d404b4228d973f1ee
                0x00007b88       0x1c C:/Users/progi/SimplicityStudio/SDKs/gecko_sdk//platform/radio/rail_lib/autogen/librail_release/librail_efr32xg21_gcc_release.a(rfhal_tempcal.o)
                0x00007b88                RAILINT_2079853137a39b9d404b4228d973f1ee
 .text.RAILINT_cb8a12f5bd0c458ceee6331009f9048b
                0x00007ba4       0x1c C:/Users/progi/SimplicityStudio/SDKs/gecko_sdk//platform/radio/rail_lib/autogen/librail_release/librail_efr32xg21_gcc_release.a(rfhal_timings.o)
 .text.RAILINT_7d5e8dd7e9ddbfd218b10f5abbb68ffc
                0x00007bc0       0x20 C:/Users/progi/SimplicityStudio/SDKs/gecko_sdk//platform/radio/rail_lib/autogen/librail_release/librail_efr32xg21_gcc_release.a(rfhal_timings.o)
 .text.RAILINT_06b1ea13261364007801a74aa7e1e357
                0x00007be0       0x28 C:/Users/progi/SimplicityStudio/SDKs/gecko_sdk//platform/radio/rail_lib/autogen/librail_release/librail_efr32xg21_gcc_release.a(rfhal_timings.o)
                0x00007be0                RAILINT_06b1ea13261364007801a74aa7e1e357
 .text.RAILINT_4baddb3f7581dff171ab25f7b0ebdad3
                0x00007c08       0x74 C:/Users/progi/SimplicityStudio/SDKs/gecko_sdk//platform/radio/rail_lib/autogen/librail_release/librail_efr32xg21_gcc_release.a(rfhal_timings.o)
                0x00007c08                RAILINT_4baddb3f7581dff171ab25f7b0ebdad3
 .text.RAILINT_970d9248a37232567f89ad6c94dd6fe8
                0x00007c7c      0x170 C:/Users/progi/SimplicityStudio/SDKs/gecko_sdk//platform/radio/rail_lib/autogen/librail_release/librail_efr32xg21_gcc_release.a(rfhal_timings.o)
                0x00007c7c                RAILINT_970d9248a37232567f89ad6c94dd6fe8
 .text.RAILINT_41ffa61618f37d2827bd6e01cc6c61f5
                0x00007dec       0x8c C:/Users/progi/SimplicityStudio/SDKs/gecko_sdk//platform/radio/rail_lib/autogen/librail_release/librail_efr32xg21_gcc_release.a(rfhal_timings.o)
                0x00007dec                RAILINT_41ffa61618f37d2827bd6e01cc6c61f5
 .text.RAILINT_80090d97c419b275ef1f41db6daa21d4
                0x00007e78       0x3c C:/Users/progi/SimplicityStudio/SDKs/gecko_sdk//platform/radio/rail_lib/autogen/librail_release/librail_efr32xg21_gcc_release.a(rfhal_timings.o)
                0x00007e78                RAILINT_80090d97c419b275ef1f41db6daa21d4
 .text.RAILINT_9743c96ef075be688881e5d1e5667476
                0x00007eb4       0x64 C:/Users/progi/SimplicityStudio/SDKs/gecko_sdk//platform/radio/rail_lib/autogen/librail_release/librail_efr32xg21_gcc_release.a(seq_globals.o)
                0x00007eb4                RAILINT_9743c96ef075be688881e5d1e5667476
 .text.RAILINT_e5849823b21bf651f5d87f5e741d2a12
                0x00007f18       0x34 C:/Users/progi/SimplicityStudio/SDKs/gecko_sdk//platform/radio/rail_lib/autogen/librail_release/librail_efr32xg21_gcc_release.a(generic_phy.o)
 .text.RAILINT_99b59c6cc05d74d26bce559fe745db90
                0x00007f4c       0x28 C:/Users/progi/SimplicityStudio/SDKs/gecko_sdk//platform/radio/rail_lib/autogen/librail_release/librail_efr32xg21_gcc_release.a(generic_phy.o)
 .text.RAILINT_2c4dd48bdd23e67e66c47cfdf845d67c
                0x00007f74       0x50 C:/Users/progi/SimplicityStudio/SDKs/gecko_sdk//platform/radio/rail_lib/autogen/librail_release/librail_efr32xg21_gcc_release.a(generic_phy.o)
 .text.RAILINT_ef38b49f1deb3f763f4f0e2ae372d117
                0x00007fc4       0x28 C:/Users/progi/SimplicityStudio/SDKs/gecko_sdk//platform/radio/rail_lib/autogen/librail_release/librail_efr32xg21_gcc_release.a(generic_phy.o)
 .text.RAILINT_6d8967e14ffa5fbb64f5f8549fa17b5c
                0x00007fec       0x1c C:/Users/progi/SimplicityStudio/SDKs/gecko_sdk//platform/radio/rail_lib/autogen/librail_release/librail_efr32xg21_gcc_release.a(generic_phy.o)
 .text.RAILINT_c34bfa9af18e68c24adf7137035e88f0
                0x00008008       0x98 C:/Users/progi/SimplicityStudio/SDKs/gecko_sdk//platform/radio/rail_lib/autogen/librail_release/librail_efr32xg21_gcc_release.a(generic_phy.o)
 .text.RAILINT_2b746cfc461ae5635faa828fc2e99484
                0x000080a0       0x34 C:/Users/progi/SimplicityStudio/SDKs/gecko_sdk//platform/radio/rail_lib/autogen/librail_release/librail_efr32xg21_gcc_release.a(generic_phy.o)
 .text.RAILINT_978af8e4393fb6ecb4e92f5256373899
                0x000080d4       0x30 C:/Users/progi/SimplicityStudio/SDKs/gecko_sdk//platform/radio/rail_lib/autogen/librail_release/librail_efr32xg21_gcc_release.a(generic_phy.o)
                0x000080d4                RAILINT_978af8e4393fb6ecb4e92f5256373899
 .text.RAILINT_e56520736dccfc6b4febe00b533ea27a
                0x00008104      0x364 C:/Users/progi/SimplicityStudio/SDKs/gecko_sdk//platform/radio/rail_lib/autogen/librail_release/librail_efr32xg21_gcc_release.a(generic_phy.o)
                0x00008104                RAILINT_e56520736dccfc6b4febe00b533ea27a
 .text.RAILINT_436bf61abb715dbe168d75ac0bccdfdf
                0x00008468       0x10 C:/Users/progi/SimplicityStudio/SDKs/gecko_sdk//platform/radio/rail_lib/autogen/librail_release/librail_efr32xg21_gcc_release.a(generic_phy.o)
                0x00008468                RAILINT_436bf61abb715dbe168d75ac0bccdfdf
 .text.RAILINT_0e4fab607515a0ae94861cde84b8a317
                0x00008478       0x10 C:/Users/progi/SimplicityStudio/SDKs/gecko_sdk//platform/radio/rail_lib/autogen/librail_release/librail_efr32xg21_gcc_release.a(generic_phy.o)
                0x00008478                RAILINT_0e4fab607515a0ae94861cde84b8a317
 .text.RAILINT_7eff40ec14ab746668317fbad941367b
                0x00008488       0x10 C:/Users/progi/SimplicityStudio/SDKs/gecko_sdk//platform/radio/rail_lib/autogen/librail_release/librail_efr32xg21_gcc_release.a(generic_phy.o)
                0x00008488                RAILINT_7eff40ec14ab746668317fbad941367b
 .text.RAILINT_0390333908b9b36d5ab834e553f87374
                0x00008498       0x80 C:/Users/progi/SimplicityStudio/SDKs/gecko_sdk//platform/radio/rail_lib/autogen/librail_release/librail_efr32xg21_gcc_release.a(generic_phy.o)
                0x00008498                RAILINT_0390333908b9b36d5ab834e553f87374
 .text.RAILINT_d03b3ef54cea4e5cdd512296475ae5cd
                0x00008518       0x28 C:/Users/progi/SimplicityStudio/SDKs/gecko_sdk//platform/radio/rail_lib/autogen/librail_release/librail_efr32xg21_gcc_release.a(generic_phy.o)
                0x00008518                RAILINT_d03b3ef54cea4e5cdd512296475ae5cd
 .text.RAILINT_8a1daf8683aeba05cbb8b1aa7d69b03e